Archive member included to satisfy reference by file (symbol)

d:/stmmcu/stm32cubeide_1.7.0/stm32cubeide/plugins/com.st.stm32cube.ide.mcu.externaltools.gnu-tools-for-stm32.9-2020-q2-update.win32_2.0.0.202105311346/tools/bin/../lib/gcc/arm-none-eabi/9.3.1/../../../../arm-none-eabi/lib/thumb/v7-m/nofp\libc_nano.a(lib_a-errno.o)
                              ./Core/Src/syscalls.o (__errno)
d:/stmmcu/stm32cubeide_1.7.0/stm32cubeide/plugins/com.st.stm32cube.ide.mcu.externaltools.gnu-tools-for-stm32.9-2020-q2-update.win32_2.0.0.202105311346/tools/bin/../lib/gcc/arm-none-eabi/9.3.1/../../../../arm-none-eabi/lib/thumb/v7-m/nofp\libc_nano.a(lib_a-exit.o)
                              d:/stmmcu/stm32cubeide_1.7.0/stm32cubeide/plugins/com.st.stm32cube.ide.mcu.externaltools.gnu-tools-for-stm32.9-2020-q2-update.win32_2.0.0.202105311346/tools/bin/../lib/gcc/arm-none-eabi/9.3.1/../../../../arm-none-eabi/lib/thumb/v7-m/nofp/crt0.o (exit)
d:/stmmcu/stm32cubeide_1.7.0/stm32cubeide/plugins/com.st.stm32cube.ide.mcu.externaltools.gnu-tools-for-stm32.9-2020-q2-update.win32_2.0.0.202105311346/tools/bin/../lib/gcc/arm-none-eabi/9.3.1/../../../../arm-none-eabi/lib/thumb/v7-m/nofp\libc_nano.a(lib_a-impure.o)
                              d:/stmmcu/stm32cubeide_1.7.0/stm32cubeide/plugins/com.st.stm32cube.ide.mcu.externaltools.gnu-tools-for-stm32.9-2020-q2-update.win32_2.0.0.202105311346/tools/bin/../lib/gcc/arm-none-eabi/9.3.1/../../../../arm-none-eabi/lib/thumb/v7-m/nofp\libc_nano.a(lib_a-exit.o) (_global_impure_ptr)
d:/stmmcu/stm32cubeide_1.7.0/stm32cubeide/plugins/com.st.stm32cube.ide.mcu.externaltools.gnu-tools-for-stm32.9-2020-q2-update.win32_2.0.0.202105311346/tools/bin/../lib/gcc/arm-none-eabi/9.3.1/../../../../arm-none-eabi/lib/thumb/v7-m/nofp\libc_nano.a(lib_a-init.o)
                              d:/stmmcu/stm32cubeide_1.7.0/stm32cubeide/plugins/com.st.stm32cube.ide.mcu.externaltools.gnu-tools-for-stm32.9-2020-q2-update.win32_2.0.0.202105311346/tools/bin/../lib/gcc/arm-none-eabi/9.3.1/../../../../arm-none-eabi/lib/thumb/v7-m/nofp/crt0.o (__libc_init_array)
d:/stmmcu/stm32cubeide_1.7.0/stm32cubeide/plugins/com.st.stm32cube.ide.mcu.externaltools.gnu-tools-for-stm32.9-2020-q2-update.win32_2.0.0.202105311346/tools/bin/../lib/gcc/arm-none-eabi/9.3.1/../../../../arm-none-eabi/lib/thumb/v7-m/nofp\libc_nano.a(lib_a-malloc.o)
                              ./Core/Src/scheduler.o (malloc)
d:/stmmcu/stm32cubeide_1.7.0/stm32cubeide/plugins/com.st.stm32cube.ide.mcu.externaltools.gnu-tools-for-stm32.9-2020-q2-update.win32_2.0.0.202105311346/tools/bin/../lib/gcc/arm-none-eabi/9.3.1/../../../../arm-none-eabi/lib/thumb/v7-m/nofp\libc_nano.a(lib_a-memset.o)
                              d:/stmmcu/stm32cubeide_1.7.0/stm32cubeide/plugins/com.st.stm32cube.ide.mcu.externaltools.gnu-tools-for-stm32.9-2020-q2-update.win32_2.0.0.202105311346/tools/bin/../lib/gcc/arm-none-eabi/9.3.1/../../../../arm-none-eabi/lib/thumb/v7-m/nofp/crt0.o (memset)
d:/stmmcu/stm32cubeide_1.7.0/stm32cubeide/plugins/com.st.stm32cube.ide.mcu.externaltools.gnu-tools-for-stm32.9-2020-q2-update.win32_2.0.0.202105311346/tools/bin/../lib/gcc/arm-none-eabi/9.3.1/../../../../arm-none-eabi/lib/thumb/v7-m/nofp\libc_nano.a(lib_a-nano-freer.o)
                              d:/stmmcu/stm32cubeide_1.7.0/stm32cubeide/plugins/com.st.stm32cube.ide.mcu.externaltools.gnu-tools-for-stm32.9-2020-q2-update.win32_2.0.0.202105311346/tools/bin/../lib/gcc/arm-none-eabi/9.3.1/../../../../arm-none-eabi/lib/thumb/v7-m/nofp\libc_nano.a(lib_a-malloc.o) (_free_r)
d:/stmmcu/stm32cubeide_1.7.0/stm32cubeide/plugins/com.st.stm32cube.ide.mcu.externaltools.gnu-tools-for-stm32.9-2020-q2-update.win32_2.0.0.202105311346/tools/bin/../lib/gcc/arm-none-eabi/9.3.1/../../../../arm-none-eabi/lib/thumb/v7-m/nofp\libc_nano.a(lib_a-nano-mallocr.o)
                              d:/stmmcu/stm32cubeide_1.7.0/stm32cubeide/plugins/com.st.stm32cube.ide.mcu.externaltools.gnu-tools-for-stm32.9-2020-q2-update.win32_2.0.0.202105311346/tools/bin/../lib/gcc/arm-none-eabi/9.3.1/../../../../arm-none-eabi/lib/thumb/v7-m/nofp\libc_nano.a(lib_a-malloc.o) (_malloc_r)
d:/stmmcu/stm32cubeide_1.7.0/stm32cubeide/plugins/com.st.stm32cube.ide.mcu.externaltools.gnu-tools-for-stm32.9-2020-q2-update.win32_2.0.0.202105311346/tools/bin/../lib/gcc/arm-none-eabi/9.3.1/../../../../arm-none-eabi/lib/thumb/v7-m/nofp\libc_nano.a(lib_a-sbrkr.o)
                              d:/stmmcu/stm32cubeide_1.7.0/stm32cubeide/plugins/com.st.stm32cube.ide.mcu.externaltools.gnu-tools-for-stm32.9-2020-q2-update.win32_2.0.0.202105311346/tools/bin/../lib/gcc/arm-none-eabi/9.3.1/../../../../arm-none-eabi/lib/thumb/v7-m/nofp\libc_nano.a(lib_a-nano-mallocr.o) (_sbrk_r)
d:/stmmcu/stm32cubeide_1.7.0/stm32cubeide/plugins/com.st.stm32cube.ide.mcu.externaltools.gnu-tools-for-stm32.9-2020-q2-update.win32_2.0.0.202105311346/tools/bin/../lib/gcc/arm-none-eabi/9.3.1/../../../../arm-none-eabi/lib/thumb/v7-m/nofp\libc_nano.a(lib_a-sprintf.o)
[...]
Memory Configuration

Name             Origin             Length             Attributes
RAM              0x0000000020000000 0x0000000000005000 xrw
FLASH            0x0000000008000000 0x0000000000020000 xr
*default*        0x0000000000000000 0xffffffffffffffff

Linker script and memory map

LOAD d:/stmmcu/stm32cubeide_1.7.0/stm32cubeide/plugins/com.st.stm32cube.ide.mcu.externaltools.gnu-tools-for-stm32.9-2020-q2-update.win32_2.0.0.202105311346/tools/bin/../lib/gcc/arm-none-eabi/9.3.1/thumb/v7-m/nofp/crti.o
LOAD d:/stmmcu/stm32cubeide_1.7.0/stm32cubeide/plugins/com.st.stm32cube.ide.mcu.externaltools.gnu-tools-for-stm32.9-2020-q2-update.win32_2.0.0.202105311346/tools/bin/../lib/gcc/arm-none-eabi/9.3.1/thumb/v7-m/nofp/crtbegin.o
LOAD d:/stmmcu/stm32cubeide_1.7.0/stm32cubeide/plugins/com.st.stm32cube.ide.mcu.externaltools.gnu-tools-for-stm32.9-2020-q2-update.win32_2.0.0.202105311346/tools/bin/../lib/gcc/arm-none-eabi/9.3.1/../../../../arm-none-eabi/lib/thumb/v7-m/nofp/crt0.o
LOAD ./Core/Src/fsm_auto.o
LOAD ./Core/Src/fsm_manual.o
LOAD ./Core/Src/fsm_setting.o
LOAD ./Core/Src/global.o
LOAD ./Core/Src/i2c-lcd.o
LOAD ./Core/Src/main.o
LOAD ./Core/Src/scheduler.o
LOAD ./Core/Src/stm32f1xx_hal_msp.o
LOAD ./Core/Src/stm32f1xx_it.o
LOAD ./Core/Src/syscalls.o
LOAD ./Core/Src/sysmem.o
LOAD ./Core/Src/system_stm32f1xx.o
LOAD ./Core/Src/uart.o
LOAD ./Core/Startup/startup_stm32f103rbtx.o
LOAD ./Drivers/STM32F1xx_HAL_Driver/Src/stm32f1xx_hal.o
LOAD ./Drivers/STM32F1xx_HAL_Driver/Src/stm32f1xx_hal_cortex.o
LOAD ./Drivers/STM32F1xx_HAL_Driver/Src/stm32f1xx_hal_dma.o
LOAD ./Drivers/STM32F1xx_HAL_Driver/Src/stm32f1xx_hal_exti.o
LOAD ./Drivers/STM32F1xx_HAL_Driver/Src/stm32f1xx_hal_flash.o
LOAD ./Drivers/STM32F1xx_HAL_Driver/Src/stm32f1xx_hal_flash_ex.o
LOAD ./Drivers/STM32F1xx_HAL_Driver/Src/stm32f1xx_hal_gpio.o
LOAD ./Drivers/STM32F1xx_HAL_Driver/Src/stm32f1xx_hal_gpio_ex.o
LOAD ./Drivers/STM32F1xx_HAL_Driver/Src/stm32f1xx_hal_i2c.o
LOAD ./Drivers/STM32F1xx_HAL_Driver/Src/stm32f1xx_hal_pwr.o
LOAD ./Drivers/STM32F1xx_HAL_Driver/Src/stm32f1xx_hal_rcc.o
LOAD ./Drivers/STM32F1xx_HAL_Driver/Src/stm32f1xx_hal_rcc_ex.o
LOAD ./Drivers/STM32F1xx_HAL_Driver/Src/stm32f1xx_hal_tim.o
LOAD ./Drivers/STM32F1xx_HAL_Driver/Src/stm32f1xx_hal_tim_ex.o
LOAD ./Drivers/STM32F1xx_HAL_Driver/Src/stm32f1xx_hal_uart.o
START GROUP
LOAD d:/stmmcu/stm32cubeide_1.7.0/stm32cubeide/plugins/com.st.stm32cube.ide.mcu.externaltools.gnu-tools-for-stm32.9-2020-q2-update.win32_2.0.0.202105311346/tools/bin/../lib/gcc/arm-none-eabi/9.3.1/../../../../arm-none-eabi/lib/thumb/v7-m/nofp\libc_nano.a
LOAD d:/stmmcu/stm32cubeide_1.7.0/stm32cubeide/plugins/com.st.stm32cube.ide.mcu.externaltools.gnu-tools-for-stm32.9-2020-q2-update.win32_2.0.0.202105311346/tools/bin/../lib/gcc/arm-none-eabi/9.3.1/../../../../arm-none-eabi/lib/thumb/v7-m/nofp\libm.a
END GROUP
START GROUP
LOAD d:/stmmcu/stm32cubeide_1.7.0/stm32cubeide/plugins/com.st.stm32cube.ide.mcu.externaltools.gnu-tools-for-stm32.9-2020-q2-update.win32_2.0.0.202105311346/tools/bin/../lib/gcc/arm-none-eabi/9.3.1/thumb/v7-m/nofp\libgcc.a
LOAD d:/stmmcu/stm32cubeide_1.7.0/stm32cubeide/plugins/com.st.stm32cube.ide.mcu.externaltools.gnu-tools-for-stm32.9-2020-q2-update.win32_2.0.0.202105311346/tools/bin/../lib/gcc/arm-none-eabi/9.3.1/../../../../arm-none-eabi/lib/thumb/v7-m/nofp\libc_nano.a
END GROUP
START GROUP
LOAD d:/stmmcu/stm32cubeide_1.7.0/stm32cubeide/plugins/com.st.stm32cube.ide.mcu.externaltools.gnu-tools-for-stm32.9-2020-q2-update.win32_2.0.0.202105311346/tools/bin/../lib/gcc/arm-none-eabi/9.3.1/thumb/v7-m/nofp\libgcc.a
LOAD d:/stmmcu/stm32cubeide_1.7.0/stm32cubeide/plugins/com.st.stm32cube.ide.mcu.externaltools.gnu-tools-for-stm32.9-2020-q2-update.win32_2.0.0.202105311346/tools/bin/../lib/gcc/arm-none-eabi/9.3.1/../../../../arm-none-eabi/lib/thumb/v7-m/nofp\libc_nano.a
LOAD d:/stmmcu/stm32cubeide_1.7.0/stm32cubeide/plugins/com.st.stm32cube.ide.mcu.externaltools.gnu-tools-for-stm32.9-2020-q2-update.win32_2.0.0.202105311346/tools/bin/../lib/gcc/arm-none-eabi/9.3.1/../../../../arm-none-eabi/lib/thumb/v7-m/nofp\libnosys.a
END GROUP
START GROUP
LOAD d:/stmmcu/stm32cubeide_1.7.0/stm32cubeide/plugins/com.st.stm32cube.ide.mcu.externaltools.gnu-tools-for-stm32.9-2020-q2-update.win32_2.0.0.202105311346/tools/bin/../lib/gcc/arm-none-eabi/9.3.1/thumb/v7-m/nofp\libgcc.a
LOAD d:/stmmcu/stm32cubeide_1.7.0/stm32cubeide/plugins/com.st.stm32cube.ide.mcu.externaltools.gnu-tools-for-stm32.9-2020-q2-update.win32_2.0.0.202105311346/tools/bin/../lib/gcc/arm-none-eabi/9.3.1/../../../../arm-none-eabi/lib/thumb/v7-m/nofp\libc_nano.a
LOAD d:/stmmcu/stm32cubeide_1.7.0/stm32cubeide/plugins/com.st.stm32cube.ide.mcu.externaltools.gnu-tools-for-stm32.9-2020-q2-update.win32_2.0.0.202105311346/tools/bin/../lib/gcc/arm-none-eabi/9.3.1/../../../../arm-none-eabi/lib/thumb/v7-m/nofp\libnosys.a
END GROUP
LOAD d:/stmmcu/stm32cubeide_1.7.0/stm32cubeide/plugins/com.st.stm32cube.ide.mcu.externaltools.gnu-tools-for-stm32.9-2020-q2-update.win32_2.0.0.202105311346/tools/bin/../lib/gcc/arm-none-eabi/9.3.1/thumb/v7-m/nofp/crtend.o
LOAD d:/stmmcu/stm32cubeide_1.7.0/stm32cubeide/plugins/com.st.stm32cube.ide.mcu.externaltools.gnu-tools-for-stm32.9-2020-q2-update.win32_2.0.0.202105311346/tools/bin/../lib/gcc/arm-none-eabi/9.3.1/thumb/v7-m/nofp/crtn.o
                0x0000000020005000                _estack = (ORIGIN (RAM) + LENGTH (RAM))
                0x0000000000000200                _Min_Heap_Size = 0x200
                0x0000000000000400                _Min_Stack_Size = 0x400

.isr_vector     0x0000000008000000      0x10c
                0x0000000008000000                . = ALIGN (0x4)
 *(.isr_vector)
 .isr_vector    0x0000000008000000      0x10c ./Core/Startup/startup_stm32f103rbtx.o
                0x0000000008000000                g_pfnVectors
                0x000000000800010c                . = ALIGN (0x4)

.text           0x000000000800010c     0x5e00
                0x000000000800010c                . = ALIGN (0x4)
 *(.text)
 .text          0x000000000800010c       0x40 d:/stmmcu/stm32cubeide_1.7.0/stm32cubeide/plugins/com.st.stm32cube.ide.mcu.externaltools.gnu-tools-for-stm32.9-2020-q2-update.win32_2.0.0.202105311346/tools/bin/../lib/gcc/arm-none-eabi/9.3.1/thumb/v7-m/nofp/crtbegin.o
 .text          0x000000000800014c       0x10 d:/stmmcu/stm32cubeide_1.7.0/stm32cubeide/plugins/com.st.stm32cube.ide.mcu.externaltools.gnu-tools-for-stm32.9-2020-q2-update.win32_2.0.0.202105311346/tools/bin/../lib/gcc/arm-none-eabi/9.3.1/../../../../arm-none-eabi/lib/thumb/v7-m/nofp\libc_nano.a(lib_a-strlen.o)
                0x000000000800014c                strlen
 .text          0x000000000800015c       0xa0 d:/stmmcu/stm32cubeide_1.7.0/stm32cubeide/plugins/com.st.stm32cube.ide.mcu.externaltools.gnu-tools-for-stm32.9-2020-q2-update.win32_2.0.0.202105311346/tools/bin/../lib/gcc/arm-none-eabi/9.3.1/thumb/v7-m/nofp\libgcc.a(_aeabi_ldivmod.o)
                0x000000000800015c                __aeabi_ldivmod
 .text          0x00000000080001fc      0x2c4 d:/stmmcu/stm32cubeide_1.7.0/stm32cubeide/plugins/com.st.stm32cube.ide.mcu.externaltools.gnu-tools-for-stm32.9-2020-q2-update.win32_2.0.0.202105311346/tools/bin/../lib/gcc/arm-none-eabi/9.3.1/thumb/v7-m/nofp\libgcc.a(_udivmoddi4.o)
                0x00000000080001fc                __udivmoddi4
 .text          0x00000000080004c0        0x4 d:/stmmcu/stm32cubeide_1.7.0/stm32cubeide/plugins/com.st.stm32cube.ide.mcu.externaltools.gnu-tools-for-stm32.9-2020-q2-update.win32_2.0.0.202105311346/tools/bin/../lib/gcc/arm-none-eabi/9.3.1/thumb/v7-m/nofp\libgcc.a(_dvmd_tls.o)
                0x00000000080004c0                __aeabi_idiv0
                0x00000000080004c0                __aeabi_ldiv0
 *(.text*)
 .text.get_static_red_timer
                0x00000000080004c4       0x14 ./Core/Src/fsm_auto.o
                0x00000000080004c4                get_static_red_timer
 .text.get_static_yellow_timer
                0x00000000080004d8       0x14 ./Core/Src/fsm_auto.o
                0x00000000080004d8                get_static_yellow_timer
 .text.get_static_green_timer
                0x00000000080004ec       0x14 ./Core/Src/fsm_auto.o
                0x00000000080004ec                get_static_green_timer
 .text.set_static_red_timer
                0x0000000008000500       0x20 ./Core/Src/fsm_auto.o
                0x0000000008000500                set_static_red_timer
 .text.set_static_yellow_timer
                0x0000000008000520       0x20 ./Core/Src/fsm_auto.o
                0x0000000008000520                set_static_yellow_timer
 .text.set_static_green_timer
                0x0000000008000540       0x20 ./Core/Src/fsm_auto.o
                0x0000000008000540                set_static_green_timer
 .text.fsm_auto_init
                0x0000000008000560       0x44 ./Core/Src/fsm_auto.o
                0x0000000008000560                fsm_auto_init
 .text.decrease_led_timer_at_each_road
                0x00000000080005a4       0x5c ./Core/Src/fsm_auto.o
                0x00000000080005a4                decrease_led_timer_at_each_road
 .text.fsm_auto
                0x0000000008000600       0x8c ./Core/Src/fsm_auto.o
                0x0000000008000600                fsm_auto
 .text.auto_mode_display
                0x000000000800068c      0x120 ./Core/Src/fsm_auto.o
                0x000000000800068c                auto_mode_display
 .text.run_auto
                0x00000000080007ac       0x40 ./Core/Src/fsm_auto.o
                0x00000000080007ac                run_auto
 .text.fsm_manual
                0x00000000080007ec       0x34 ./Core/Src/fsm_manual.o
                0x00000000080007ec                fsm_manual
 .text.display_manual
                0x0000000008000820       0x44 ./Core/Src/fsm_manual.o
                0x0000000008000820                display_manual
 .text.run_manual
                0x0000000008000864       0x84 ./Core/Src/fsm_manual.o
                0x0000000008000864                run_manual
 .text.fsm_setting
                0x00000000080008e8      0x330 ./Core/Src/fsm_setting.o
                0x00000000080008e8                fsm_setting
 .text.reset_fsm_setting
                0x0000000008000c18       0x18 ./Core/Src/fsm_setting.o
                0x0000000008000c18                reset_fsm_setting
 .text.validate_timer
                0x0000000008000c30       0x36 ./Core/Src/fsm_setting.o
                0x0000000008000c30                validate_timer
 *fill*         0x0000000008000c66        0x2 
 .text.display_setting
                0x0000000008000c68       0xc0 ./Core/Src/fsm_setting.o
                0x0000000008000c68                display_setting
 .text.run_setting
                0x0000000008000d28        0xc ./Core/Src/fsm_setting.o
                0x0000000008000d28                run_setting
 .text.blink_led
                0x0000000008000d34       0x30 ./Core/Src/global.o
                0x0000000008000d34                blink_led
 .text.start_timerRun
                0x0000000008000d64       0x20 ./Core/Src/global.o
                0x0000000008000d64                start_timerRun
 .text.timerRun
                0x0000000008000d84       0x34 ./Core/Src/global.o
                0x0000000008000d84                timerRun
 .text.IsOneSecondPassed
                0x0000000008000db8       0x14 ./Core/Src/global.o
                0x0000000008000db8                IsOneSecondPassed
 .text.blink_traffic_light_following_desire
                0x0000000008000dcc       0x68 ./Core/Src/global.o
                0x0000000008000dcc                blink_traffic_light_following_desire
 .text.clearOneSecondFlag
                0x0000000008000e34       0x18 ./Core/Src/global.o
                0x0000000008000e34                clearOneSecondFlag
 .text.run_led_traffic
                0x0000000008000e4c       0x90 ./Core/Src/global.o
                0x0000000008000e4c                run_led_traffic
 .text.set_state_odd_road
                0x0000000008000edc       0x20 ./Core/Src/global.o
                0x0000000008000edc                set_state_odd_road
 .text.set_state_even_road
                0x0000000008000efc       0x20 ./Core/Src/global.o
                0x0000000008000efc                set_state_even_road
 .text.get_red_even_or_odd
                0x0000000008000f1c       0x14 ./Core/Src/global.o
                0x0000000008000f1c                get_red_even_or_odd
 .text.set_red_even_or_odd
                0x0000000008000f30       0x20 ./Core/Src/global.o
                0x0000000008000f30                set_red_even_or_odd
 .text.off_state
                0x0000000008000f50       0x20 ./Core/Src/global.o
                0x0000000008000f50                off_state
 .text.get_red_timer_string
                0x0000000008000f70       0x14 ./Core/Src/global.o
                0x0000000008000f70                get_red_timer_string
 .text.get_green_timer_string
                0x0000000008000f84       0x14 ./Core/Src/global.o
                0x0000000008000f84                get_green_timer_string
 .text.get_yellow_timer_string
                0x0000000008000f98       0x14 ./Core/Src/global.o
                0x0000000008000f98                get_yellow_timer_string
 .text.display_choose_mode
                0x0000000008000fac       0x30 ./Core/Src/global.o
                0x0000000008000fac                display_choose_mode
 .text.fsm_main
                0x0000000008000fdc      0x144 ./Core/Src/global.o
                0x0000000008000fdc                fsm_main
 .text.lcd_send_cmd
                0x0000000008001120       0x60 ./Core/Src/i2c-lcd.o
                0x0000000008001120                lcd_send_cmd
 .text.lcd_send_data
                0x0000000008001180       0x60 ./Core/Src/i2c-lcd.o
                0x0000000008001180                lcd_send_data
 .text.lcd_init
                0x00000000080011e0       0x5c ./Core/Src/i2c-lcd.o
                0x00000000080011e0                lcd_init
 .text.lcd_send_string
                0x000000000800123c       0x2a ./Core/Src/i2c-lcd.o
                0x000000000800123c                lcd_send_string
 .text.lcd_clear_display
                0x0000000008001266       0x14 ./Core/Src/i2c-lcd.o
                0x0000000008001266                lcd_clear_display
 .text.lcd_goto_XY
                0x000000000800127a       0x44 ./Core/Src/i2c-lcd.o
                0x000000000800127a                lcd_goto_XY
 *fill*         0x00000000080012be        0x2 
 .text.main     0x00000000080012c0       0x7c ./Core/Src/main.o
                0x00000000080012c0                main
 .text.SystemClock_Config
                0x000000000800133c       0x82 ./Core/Src/main.o
                0x000000000800133c                SystemClock_Config
 *fill*         0x00000000080013be        0x2 
 .text.MX_I2C1_Init
                0x00000000080013c0       0x5c ./Core/Src/main.o
 .text.MX_TIM2_Init
                0x000000000800141c       0x98 ./Core/Src/main.o
 .text.MX_USART2_UART_Init
                0x00000000080014b4       0x54 ./Core/Src/main.o
 .text.MX_GPIO_Init
                0x0000000008001508      0x10c ./Core/Src/main.o
 .text.HAL_TIM_PeriodElapsedCallback
                0x0000000008001614       0x14 ./Core/Src/main.o
                0x0000000008001614                HAL_TIM_PeriodElapsedCallback
 .text.HAL_UART_RxCpltCallback
                0x0000000008001628       0x5c ./Core/Src/main.o
                0x0000000008001628                HAL_UART_RxCpltCallback
 .text.Error_Handler
                0x0000000008001684        0xa ./Core/Src/main.o
                0x0000000008001684                Error_Handler
 .text.constructorsTaskWithParameters
                0x000000000800168e       0x56 ./Core/Src/scheduler.o
                0x000000000800168e                constructorsTaskWithParameters
 .text.constructorSDSNoParameters
                0x00000000080016e4       0x3a ./Core/Src/scheduler.o
                0x00000000080016e4                constructorSDSNoParameters
 .text.destructorSDS
                0x000000000800171e       0x6a ./Core/Src/scheduler.o
                0x000000000800171e                destructorSDS
 .text.ConstructorBufferSchedulerNoParameters
                0x0000000008001788       0x40 ./Core/Src/scheduler.o
                0x0000000008001788                ConstructorBufferSchedulerNoParameters
 .text.SCH_Init
                0x00000000080017c8       0x64 ./Core/Src/scheduler.o
                0x00000000080017c8                SCH_Init
 .text.SCH_Update
                0x000000000800182c       0x30 ./Core/Src/scheduler.o
                0x000000000800182c                SCH_Update
 .text.dealWithTasksAdded
                0x000000000800185c       0x78 ./Core/Src/scheduler.o
                0x000000000800185c                dealWithTasksAdded
 .text.ProcessBufferChanged
                0x00000000080018d4       0x84 ./Core/Src/scheduler.o
                0x00000000080018d4                ProcessBufferChanged
 .text.deleteOnTheSpot
                0x0000000008001958       0x4c ./Core/Src/scheduler.o
                0x0000000008001958                deleteOnTheSpot
 .text.Run_Tasks
                0x00000000080019a4      0x1e8 ./Core/Src/scheduler.o
                0x00000000080019a4                Run_Tasks
 .text.refreshBuffer
                0x0000000008001b8c      0x148 ./Core/Src/scheduler.o
                0x0000000008001b8c                refreshBuffer
 .text.SCH_Dispatch_Tasks
                0x0000000008001cd4       0xa0 ./Core/Src/scheduler.o
                0x0000000008001cd4                SCH_Dispatch_Tasks
 .text.SCH_Add_Task
                0x0000000008001d74      0x108 ./Core/Src/scheduler.o
                0x0000000008001d74                SCH_Add_Task
 .text.HAL_MspInit
                0x0000000008001e7c       0x64 ./Core/Src/stm32f1xx_hal_msp.o
                0x0000000008001e7c                HAL_MspInit
 .text.HAL_I2C_MspInit
                0x0000000008001ee0       0xa0 ./Core/Src/stm32f1xx_hal_msp.o
                0x0000000008001ee0                HAL_I2C_MspInit
 .text.HAL_TIM_Base_MspInit
                0x0000000008001f80       0x48 ./Core/Src/stm32f1xx_hal_msp.o
                0x0000000008001f80                HAL_TIM_Base_MspInit
 .text.HAL_UART_MspInit
                0x0000000008001fc8       0xa4 ./Core/Src/stm32f1xx_hal_msp.o
                0x0000000008001fc8                HAL_UART_MspInit
 .text.NMI_Handler
                0x000000000800206c        0x6 ./Core/Src/stm32f1xx_it.o
                0x000000000800206c                NMI_Handler
 .text.HardFault_Handler
                0x0000000008002072        0x6 ./Core/Src/stm32f1xx_it.o
                0x0000000008002072                HardFault_Handler
 .text.MemManage_Handler
                0x0000000008002078        0x6 ./Core/Src/stm32f1xx_it.o
                0x0000000008002078                MemManage_Handler
 .text.BusFault_Handler
                0x000000000800207e        0x6 ./Core/Src/stm32f1xx_it.o
                0x000000000800207e                BusFault_Handler
 .text.UsageFault_Handler
                0x0000000008002084        0x6 ./Core/Src/stm32f1xx_it.o
                0x0000000008002084                UsageFault_Handler
 .text.SVC_Handler
                0x000000000800208a        0xc ./Core/Src/stm32f1xx_it.o
                0x000000000800208a                SVC_Handler
 .text.DebugMon_Handler
                0x0000000008002096        0xc ./Core/Src/stm32f1xx_it.o
                0x0000000008002096                DebugMon_Handler
 .text.PendSV_Handler
                0x00000000080020a2        0xc ./Core/Src/stm32f1xx_it.o
                0x00000000080020a2                PendSV_Handler
 .text.SysTick_Handler
                0x00000000080020ae        0xc ./Core/Src/stm32f1xx_it.o
                0x00000000080020ae                SysTick_Handler
 *fill*         0x00000000080020ba        0x2 
 .text.TIM2_IRQHandler
                0x00000000080020bc       0x14 ./Core/Src/stm32f1xx_it.o
                0x00000000080020bc                TIM2_IRQHandler
 .text.USART2_IRQHandler
                0x00000000080020d0       0x14 ./Core/Src/stm32f1xx_it.o
                0x00000000080020d0                USART2_IRQHandler
 .text.EXTI15_10_IRQHandler
                0x00000000080020e4       0x10 ./Core/Src/stm32f1xx_it.o
                0x00000000080020e4                EXTI15_10_IRQHandler
 .text._sbrk    0x00000000080020f4       0x6c ./Core/Src/sysmem.o
                0x00000000080020f4                _sbrk
 .text.SystemInit
                0x0000000008002160        0xc ./Core/Src/system_stm32f1xx.o
                0x0000000008002160                SystemInit
 .text.reset_parsing_choose_mode
                0x000000000800216c       0x18 ./Core/Src/uart.o
                0x000000000800216c                reset_parsing_choose_mode
 .text.parse_choose_mode
                0x0000000008002184       0xa0 ./Core/Src/uart.o
                0x0000000008002184                parse_choose_mode
 .text.reset_parsing_auto_mode
                0x0000000008002224       0x18 ./Core/Src/uart.o
                0x0000000008002224                reset_parsing_auto_mode
 .text.parse_auto_mode
                0x000000000800223c       0x88 ./Core/Src/uart.o
                0x000000000800223c                parse_auto_mode
 .text.reset_parsing_setting_mode
                0x00000000080022c4       0x18 ./Core/Src/uart.o
                0x00000000080022c4                reset_parsing_setting_mode
 .text.parse_setting_mode
                0x00000000080022dc       0xa0 ./Core/Src/uart.o
                0x00000000080022dc                parse_setting_mode
 .text.reset_parsing_manual_mode
                0x000000000800237c       0x18 ./Core/Src/uart.o
                0x000000000800237c                reset_parsing_manual_mode
 .text.parse_manual_mode
                0x0000000008002394       0x6c ./Core/Src/uart.o
                0x0000000008002394                parse_manual_mode
 .text.reset_parsing_touch_red_bar
                0x0000000008002400       0x18 ./Core/Src/uart.o
                0x0000000008002400                reset_parsing_touch_red_bar
 .text.parse_touch_RED_bar
                0x0000000008002418       0x6c ./Core/Src/uart.o
                0x0000000008002418                parse_touch_RED_bar
 .text.reset_parsing_touch_YELLOW_bar
                0x0000000008002484       0x18 ./Core/Src/uart.o
                0x0000000008002484                reset_parsing_touch_YELLOW_bar
 .text.parse_touch_YELLOW_bar
                0x000000000800249c       0xa0 ./Core/Src/uart.o
                0x000000000800249c                parse_touch_YELLOW_bar
 .text.reset_parsing_touch_GREEN_bar
                0x000000000800253c       0x18 ./Core/Src/uart.o
                0x000000000800253c                reset_parsing_touch_GREEN_bar
 .text.parse_touch_GREEN_bar
                0x0000000008002554       0xa0 ./Core/Src/uart.o
                0x0000000008002554                parse_touch_GREEN_bar
 .text.reset_parsing_SET_timer
                0x00000000080025f4       0x18 ./Core/Src/uart.o
                0x00000000080025f4                reset_parsing_SET_timer
 .text.parse_SET_timer
                0x000000000800260c       0x6c ./Core/Src/uart.o
                0x000000000800260c                parse_SET_timer
 .text.reset_number_parser
                0x0000000008002678       0x20 ./Core/Src/uart.o
                0x0000000008002678                reset_number_parser
 .text.parse_number
                0x0000000008002698      0x124 ./Core/Src/uart.o
                0x0000000008002698                parse_number
 .text.reset_parsing_touch_REDOD_bar
                0x00000000080027bc       0x18 ./Core/Src/uart.o
                0x00000000080027bc                reset_parsing_touch_REDOD_bar
 .text.parse_touch_REDOD_bar
                0x00000000080027d4       0xa0 ./Core/Src/uart.o
                0x00000000080027d4                parse_touch_REDOD_bar
 .text.reset_parsing_touch_REDEV_bar
                0x0000000008002874       0x18 ./Core/Src/uart.o
                0x0000000008002874                reset_parsing_touch_REDEV_bar
 .text.parse_touch_REDEV_bar
                0x000000000800288c       0xa0 ./Core/Src/uart.o
                0x000000000800288c                parse_touch_REDEV_bar
 .text.Reset_Handler
                0x000000000800292c       0x48 ./Core/Startup/startup_stm32f103rbtx.o
                0x000000000800292c                Reset_Handler
 .text.Default_Handler
                0x0000000008002974        0x2 ./Core/Startup/startup_stm32f103rbtx.o
                0x0000000008002974                RTC_Alarm_IRQHandler
                0x0000000008002974                EXTI2_IRQHandler
                0x0000000008002974                TIM1_CC_IRQHandler
                0x0000000008002974                PVD_IRQHandler
                0x0000000008002974                EXTI3_IRQHandler
                0x0000000008002974                EXTI0_IRQHandler
                0x0000000008002974                I2C2_EV_IRQHandler
                0x0000000008002974                ADC1_2_IRQHandler
                0x0000000008002974                SPI1_IRQHandler
                0x0000000008002974                TAMPER_IRQHandler
                0x0000000008002974                DMA1_Channel4_IRQHandler
                0x0000000008002974                USART3_IRQHandler
                0x0000000008002974                RTC_IRQHandler
                0x0000000008002974                DMA1_Channel7_IRQHandler
                0x0000000008002974                CAN1_RX1_IRQHandler
                0x0000000008002974                TIM4_IRQHandler
                0x0000000008002974                I2C1_EV_IRQHandler
                0x0000000008002974                DMA1_Channel6_IRQHandler
                0x0000000008002974                TIM3_IRQHandler
                0x0000000008002974                RCC_IRQHandler
                0x0000000008002974                TIM1_TRG_COM_IRQHandler
                0x0000000008002974                DMA1_Channel1_IRQHandler
                0x0000000008002974                Default_Handler
                0x0000000008002974                EXTI9_5_IRQHandler
                0x0000000008002974                SPI2_IRQHandler
                0x0000000008002974                DMA1_Channel5_IRQHandler
                0x0000000008002974                EXTI4_IRQHandler
                0x0000000008002974                USB_LP_CAN1_RX0_IRQHandler
                0x0000000008002974                USB_HP_CAN1_TX_IRQHandler
                0x0000000008002974                DMA1_Channel3_IRQHandler
                0x0000000008002974                TIM1_UP_IRQHandler
                0x0000000008002974                WWDG_IRQHandler
                0x0000000008002974                TIM1_BRK_IRQHandler
                0x0000000008002974                EXTI1_IRQHandler
                0x0000000008002974                I2C2_ER_IRQHandler
                0x0000000008002974                DMA1_Channel2_IRQHandler
                0x0000000008002974                CAN1_SCE_IRQHandler
                0x0000000008002974                FLASH_IRQHandler
                0x0000000008002974                USART1_IRQHandler
                0x0000000008002974                I2C1_ER_IRQHandler
                0x0000000008002974                USBWakeUp_IRQHandler
 *fill*         0x0000000008002976        0x2 
 .text.HAL_Init
                0x0000000008002978       0x2c ./Drivers/STM32F1xx_HAL_Driver/Src/stm32f1xx_hal.o
                0x0000000008002978                HAL_Init
 .text.HAL_InitTick
                0x00000000080029a4       0x60 ./Drivers/STM32F1xx_HAL_Driver/Src/stm32f1xx_hal.o
                0x00000000080029a4                HAL_InitTick
 .text.HAL_IncTick
                0x0000000008002a04       0x24 ./Drivers/STM32F1xx_HAL_Driver/Src/stm32f1xx_hal.o
                0x0000000008002a04                HAL_IncTick
 .text.HAL_GetTick
                0x0000000008002a28       0x14 ./Drivers/STM32F1xx_HAL_Driver/Src/stm32f1xx_hal.o
                0x0000000008002a28                HAL_GetTick
 .text.HAL_Delay
                0x0000000008002a3c       0x48 ./Drivers/STM32F1xx_HAL_Driver/Src/stm32f1xx_hal.o
                0x0000000008002a3c                HAL_Delay
 .text.__NVIC_SetPriorityGrouping
                0x0000000008002a84       0x48 ./Drivers/STM32F1xx_HAL_Driver/Src/stm32f1xx_hal_cortex.o
 .text.__NVIC_GetPriorityGrouping
                0x0000000008002acc       0x1c ./Drivers/STM32F1xx_HAL_Driver/Src/stm32f1xx_hal_cortex.o
 .text.__NVIC_EnableIRQ
                0x0000000008002ae8       0x38 ./Drivers/STM32F1xx_HAL_Driver/Src/stm32f1xx_hal_cortex.o
 .text.__NVIC_SetPriority
                0x0000000008002b20       0x54 ./Drivers/STM32F1xx_HAL_Driver/Src/stm32f1xx_hal_cortex.o
 .text.NVIC_EncodePriority
                0x0000000008002b74       0x64 ./Drivers/STM32F1xx_HAL_Driver/Src/stm32f1xx_hal_cortex.o
 .text.SysTick_Config
                0x0000000008002bd8       0x44 ./Drivers/STM32F1xx_HAL_Driver/Src/stm32f1xx_hal_cortex.o
 .text.HAL_NVIC_SetPriorityGrouping
                0x0000000008002c1c       0x16 ./Drivers/STM32F1xx_HAL_Driver/Src/stm32f1xx_hal_cortex.o
                0x0000000008002c1c                HAL_NVIC_SetPriorityGrouping
 .text.HAL_NVIC_SetPriority
                0x0000000008002c32       0x38 ./Drivers/STM32F1xx_HAL_Driver/Src/stm32f1xx_hal_cortex.o
                0x0000000008002c32                HAL_NVIC_SetPriority
 .text.HAL_NVIC_EnableIRQ
                0x0000000008002c6a       0x1c ./Drivers/STM32F1xx_HAL_Driver/Src/stm32f1xx_hal_cortex.o
                0x0000000008002c6a                HAL_NVIC_EnableIRQ
 .text.HAL_SYSTICK_Config
                0x0000000008002c86       0x18 ./Drivers/STM32F1xx_HAL_Driver/Src/stm32f1xx_hal_cortex.o
                0x0000000008002c86                HAL_SYSTICK_Config
 .text.HAL_DMA_Abort
                0x0000000008002c9e       0x76 ./Drivers/STM32F1xx_HAL_Driver/Src/stm32f1xx_hal_dma.o
                0x0000000008002c9e                HAL_DMA_Abort
 .text.HAL_DMA_Abort_IT
                0x0000000008002d14       0xf0 ./Drivers/STM32F1xx_HAL_Driver/Src/stm32f1xx_hal_dma.o
                0x0000000008002d14                HAL_DMA_Abort_IT
 .text.HAL_GPIO_Init
                0x0000000008002e04      0x308 ./Drivers/STM32F1xx_HAL_Driver/Src/stm32f1xx_hal_gpio.o
                0x0000000008002e04                HAL_GPIO_Init
 .text.HAL_GPIO_WritePin
                0x000000000800310c       0x30 ./Drivers/STM32F1xx_HAL_Driver/Src/stm32f1xx_hal_gpio.o
                0x000000000800310c                HAL_GPIO_WritePin
 .text.HAL_GPIO_TogglePin
                0x000000000800313c       0x32 ./Drivers/STM32F1xx_HAL_Driver/Src/stm32f1xx_hal_gpio.o
                0x000000000800313c                HAL_GPIO_TogglePin
 *fill*         0x000000000800316e        0x2 
 .text.HAL_GPIO_EXTI_IRQHandler
                0x0000000008003170       0x30 ./Drivers/STM32F1xx_HAL_Driver/Src/stm32f1xx_hal_gpio.o
                0x0000000008003170                HAL_GPIO_EXTI_IRQHandler
 .text.HAL_GPIO_EXTI_Callback
                0x00000000080031a0       0x14 ./Drivers/STM32F1xx_HAL_Driver/Src/stm32f1xx_hal_gpio.o
                0x00000000080031a0                HAL_GPIO_EXTI_Callback
 .text.HAL_I2C_Init
                0x00000000080031b4      0x288 ./Drivers/STM32F1xx_HAL_Driver/Src/stm32f1xx_hal_i2c.o
                0x00000000080031b4                HAL_I2C_Init
 .text.HAL_I2C_Master_Transmit
                0x000000000800343c      0x1fc ./Drivers/STM32F1xx_HAL_Driver/Src/stm32f1xx_hal_i2c.o
                0x000000000800343c                HAL_I2C_Master_Transmit
 .text.I2C_MasterRequestWrite
                0x0000000008003638      0x104 ./Drivers/STM32F1xx_HAL_Driver/Src/stm32f1xx_hal_i2c.o
 .text.I2C_WaitOnFlagUntilTimeout
                0x000000000800373c       0xf4 ./Drivers/STM32F1xx_HAL_Driver/Src/stm32f1xx_hal_i2c.o
 .text.I2C_WaitOnMasterAddressFlagUntilTimeout
                0x0000000008003830      0x140 ./Drivers/STM32F1xx_HAL_Driver/Src/stm32f1xx_hal_i2c.o
 .text.I2C_WaitOnTXEFlagUntilTimeout
                0x0000000008003970       0x90 ./Drivers/STM32F1xx_HAL_Driver/Src/stm32f1xx_hal_i2c.o
 .text.I2C_WaitOnBTFFlagUntilTimeout
                0x0000000008003a00       0x90 ./Drivers/STM32F1xx_HAL_Driver/Src/stm32f1xx_hal_i2c.o
 .text.I2C_IsAcknowledgeFailed
                0x0000000008003a90       0x5c ./Drivers/STM32F1xx_HAL_Driver/Src/stm32f1xx_hal_i2c.o
 .text.HAL_RCC_OscConfig
                0x0000000008003aec      0x500 ./Drivers/STM32F1xx_HAL_Driver/Src/stm32f1xx_hal_rcc.o
                0x0000000008003aec                HAL_RCC_OscConfig
 .text.HAL_RCC_ClockConfig
                0x0000000008003fec      0x1d4 ./Drivers/STM32F1xx_HAL_Driver/Src/stm32f1xx_hal_rcc.o
                0x0000000008003fec                HAL_RCC_ClockConfig
 .text.HAL_RCC_GetSysClockFreq
                0x00000000080041c0       0xa8 ./Drivers/STM32F1xx_HAL_Driver/Src/stm32f1xx_hal_rcc.o
                0x00000000080041c0                HAL_RCC_GetSysClockFreq
 .text.HAL_RCC_GetHCLKFreq
                0x0000000008004268       0x14 ./Drivers/STM32F1xx_HAL_Driver/Src/stm32f1xx_hal_rcc.o
                0x0000000008004268                HAL_RCC_GetHCLKFreq
 .text.HAL_RCC_GetPCLK1Freq
                0x000000000800427c       0x28 ./Drivers/STM32F1xx_HAL_Driver/Src/stm32f1xx_hal_rcc.o
                0x000000000800427c                HAL_RCC_GetPCLK1Freq
 .text.HAL_RCC_GetPCLK2Freq
                0x00000000080042a4       0x28 ./Drivers/STM32F1xx_HAL_Driver/Src/stm32f1xx_hal_rcc.o
                0x00000000080042a4                HAL_RCC_GetPCLK2Freq
 .text.RCC_Delay
                0x00000000080042cc       0x3c ./Drivers/STM32F1xx_HAL_Driver/Src/stm32f1xx_hal_rcc.o
 .text.HAL_TIM_Base_Init
                0x0000000008004308       0x9e ./Drivers/STM32F1xx_HAL_Driver/Src/stm32f1xx_hal_tim.o
                0x0000000008004308                HAL_TIM_Base_Init
 *fill*         0x00000000080043a6        0x2 
 .text.HAL_TIM_Base_Start_IT
                0x00000000080043a8       0xa4 ./Drivers/STM32F1xx_HAL_Driver/Src/stm32f1xx_hal_tim.o
                0x00000000080043a8                HAL_TIM_Base_Start_IT
 .text.HAL_TIM_IRQHandler
                0x000000000800444c      0x1e0 ./Drivers/STM32F1xx_HAL_Driver/Src/stm32f1xx_hal_tim.o
                0x000000000800444c                HAL_TIM_IRQHandler
 .text.HAL_TIM_ConfigClockSource
                0x000000000800462c      0x18e ./Drivers/STM32F1xx_HAL_Driver/Src/stm32f1xx_hal_tim.o
                0x000000000800462c                HAL_TIM_ConfigClockSource
 .text.HAL_TIM_OC_DelayElapsedCallback
                0x00000000080047ba       0x12 ./Drivers/STM32F1xx_HAL_Driver/Src/stm32f1xx_hal_tim.o
                0x00000000080047ba                HAL_TIM_OC_DelayElapsedCallback
 .text.HAL_TIM_IC_CaptureCallback
                0x00000000080047cc       0x12 ./Drivers/STM32F1xx_HAL_Driver/Src/stm32f1xx_hal_tim.o
                0x00000000080047cc                HAL_TIM_IC_CaptureCallback
 .text.HAL_TIM_PWM_PulseFinishedCallback
                0x00000000080047de       0x12 ./Drivers/STM32F1xx_HAL_Driver/Src/stm32f1xx_hal_tim.o
                0x00000000080047de                HAL_TIM_PWM_PulseFinishedCallback
 .text.HAL_TIM_TriggerCallback
                0x00000000080047f0       0x12 ./Drivers/STM32F1xx_HAL_Driver/Src/stm32f1xx_hal_tim.o
                0x00000000080047f0                HAL_TIM_TriggerCallback
 *fill*         0x0000000008004802        0x2 
 .text.TIM_Base_SetConfig
                0x0000000008004804       0xdc ./Drivers/STM32F1xx_HAL_Driver/Src/stm32f1xx_hal_tim.o
                0x0000000008004804                TIM_Base_SetConfig
 .text.TIM_TI1_ConfigInputStage
                0x00000000080048e0       0x5c ./Drivers/STM32F1xx_HAL_Driver/Src/stm32f1xx_hal_tim.o
 .text.TIM_TI2_ConfigInputStage
                0x000000000800493c       0x5e ./Drivers/STM32F1xx_HAL_Driver/Src/stm32f1xx_hal_tim.o
 .text.TIM_ITRx_SetConfig
                0x000000000800499a       0x34 ./Drivers/STM32F1xx_HAL_Driver/Src/stm32f1xx_hal_tim.o
 .text.TIM_ETR_SetConfig
                0x00000000080049ce       0x3e ./Drivers/STM32F1xx_HAL_Driver/Src/stm32f1xx_hal_tim.o
                0x00000000080049ce                TIM_ETR_SetConfig
 .text.HAL_TIMEx_MasterConfigSynchronization
                0x0000000008004a0c       0xbc ./Drivers/STM32F1xx_HAL_Driver/Src/stm32f1xx_hal_tim_ex.o
                0x0000000008004a0c                HAL_TIMEx_MasterConfigSynchronization
 .text.HAL_TIMEx_CommutCallback
                0x0000000008004ac8       0x12 ./Drivers/STM32F1xx_HAL_Driver/Src/stm32f1xx_hal_tim_ex.o
                0x0000000008004ac8                HAL_TIMEx_CommutCallback
 .text.HAL_TIMEx_BreakCallback
                0x0000000008004ada       0x12 ./Drivers/STM32F1xx_HAL_Driver/Src/stm32f1xx_hal_tim_ex.o
                0x0000000008004ada                HAL_TIMEx_BreakCallback
 .text.HAL_UART_Init
                0x0000000008004aec       0xa0 ./Drivers/STM32F1xx_HAL_Driver/Src/stm32f1xx_hal_uart.o
                0x0000000008004aec                HAL_UART_Init
 .text.HAL_UART_Receive_IT
                0x0000000008004b8c       0x4a ./Drivers/STM32F1xx_HAL_Driver/Src/stm32f1xx_hal_uart.o
                0x0000000008004b8c                HAL_UART_Receive_IT
 *fill*         0x0000000008004bd6        0x2 
 .text.HAL_UART_IRQHandler
                0x0000000008004bd8      0x524 ./Drivers/STM32F1xx_HAL_Driver/Src/stm32f1xx_hal_uart.o
                0x0000000008004bd8                HAL_UART_IRQHandler
 .text.HAL_UART_TxCpltCallback
                0x00000000080050fc       0x12 ./Drivers/STM32F1xx_HAL_Driver/Src/stm32f1xx_hal_uart.o
                0x00000000080050fc                HAL_UART_TxCpltCallback
 .text.HAL_UART_ErrorCallback
                0x000000000800510e       0x12 ./Drivers/STM32F1xx_HAL_Driver/Src/stm32f1xx_hal_uart.o
                0x000000000800510e                HAL_UART_ErrorCallback
 .text.HAL_UARTEx_RxEventCallback
                0x0000000008005120       0x16 ./Drivers/STM32F1xx_HAL_Driver/Src/stm32f1xx_hal_uart.o
                0x0000000008005120                HAL_UARTEx_RxEventCallback
 .text.UART_Start_Receive_IT
                0x0000000008005136       0x72 ./Drivers/STM32F1xx_HAL_Driver/Src/stm32f1xx_hal_uart.o
                0x0000000008005136                UART_Start_Receive_IT
 .text.UART_EndRxTransfer
                0x00000000080051a8       0xc4 ./Drivers/STM32F1xx_HAL_Driver/Src/stm32f1xx_hal_uart.o
 .text.UART_DMAAbortOnError
                0x000000000800526c       0x28 ./Drivers/STM32F1xx_HAL_Driver/Src/stm32f1xx_hal_uart.o
 .text.UART_Transmit_IT
                0x0000000008005294       0x9e ./Drivers/STM32F1xx_HAL_Driver/Src/stm32f1xx_hal_uart.o
 .text.UART_EndTransmit_IT
                0x0000000008005332       0x30 ./Drivers/STM32F1xx_HAL_Driver/Src/stm32f1xx_hal_uart.o
 .text.UART_Receive_IT
                0x0000000008005362      0x17c ./Drivers/STM32F1xx_HAL_Driver/Src/stm32f1xx_hal_uart.o
 *fill*         0x00000000080054de        0x2 
 .text.UART_SetConfig
                0x00000000080054e0      0x11c ./Drivers/STM32F1xx_HAL_Driver/Src/stm32f1xx_hal_uart.o
 .text.__errno  0x00000000080055fc        0xc d:/stmmcu/stm32cubeide_1.7.0/stm32cubeide/plugins/com.st.stm32cube.ide.mcu.externaltools.gnu-tools-for-stm32.9-2020-q2-update.win32_2.0.0.202105311346/tools/bin/../lib/gcc/arm-none-eabi/9.3.1/../../../../arm-none-eabi/lib/thumb/v7-m/nofp\libc_nano.a(lib_a-errno.o)
                0x00000000080055fc                __errno
 .text.__libc_init_array
                0x0000000008005608       0x48 d:/stmmcu/stm32cubeide_1.7.0/stm32cubeide/plugins/com.st.stm32cube.ide.mcu.externaltools.gnu-tools-for-stm32.9-2020-q2-update.win32_2.0.0.202105311346/tools/bin/../lib/gcc/arm-none-eabi/9.3.1/../../../../arm-none-eabi/lib/thumb/v7-m/nofp\libc_nano.a(lib_a-init.o)
                0x0000000008005608                __libc_init_array
 .text.malloc   0x0000000008005650       0x10 d:/stmmcu/stm32cubeide_1.7.0/stm32cubeide/plugins/com.st.stm32cube.ide.mcu.externaltools.gnu-tools-for-stm32.9-2020-q2-update.win32_2.0.0.202105311346/tools/bin/../lib/gcc/arm-none-eabi/9.3.1/../../../../arm-none-eabi/lib/thumb/v7-m/nofp\libc_nano.a(lib_a-malloc.o)
                0x0000000008005650                malloc
 .text.free     0x0000000008005660       0x10 d:/stmmcu/stm32cubeide_1.7.0/stm32cubeide/plugins/com.st.stm32cube.ide.mcu.externaltools.gnu-tools-for-stm32.9-2020-q2-update.win32_2.0.0.202105311346/tools/bin/../lib/gcc/arm-none-eabi/9.3.1/../../../../arm-none-eabi/lib/thumb/v7-m/nofp\libc_nano.a(lib_a-malloc.o)
                0x0000000008005660                free
 .text.memset   0x0000000008005670       0x10 d:/stmmcu/stm32cubeide_1.7.0/stm32cubeide/plugins/com.st.stm32cube.ide.mcu.externaltools.gnu-tools-for-stm32.9-2020-q2-update.win32_2.0.0.202105311346/tools/bin/../lib/gcc/arm-none-eabi/9.3.1/../../../../arm-none-eabi/lib/thumb/v7-m/nofp\libc_nano.a(lib_a-memset.o)
                0x0000000008005670                memset
 .text._free_r  0x0000000008005680       0x98 d:/stmmcu/stm32cubeide_1.7.0/stm32cubeide/plugins/com.st.stm32cube.ide.mcu.externaltools.gnu-tools-for-stm32.9-2020-q2-update.win32_2.0.0.202105311346/tools/bin/../lib/gcc/arm-none-eabi/9.3.1/../../../../arm-none-eabi/lib/thumb/v7-m/nofp\libc_nano.a(lib_a-nano-freer.o)
                0x0000000008005680                _free_r
 .text._malloc_r
                0x0000000008005718       0xb4 d:/stmmcu/stm32cubeide_1.7.0/stm32cubeide/plugins/com.st.stm32cube.ide.mcu.externaltools.gnu-tools-for-stm32.9-2020-q2-update.win32_2.0.0.202105311346/tools/bin/../lib/gcc/arm-none-eabi/9.3.1/../../../../arm-none-eabi/lib/thumb/v7-m/nofp\libc_nano.a(lib_a-nano-mallocr.o)
                0x0000000008005718                _malloc_r
 .text._sbrk_r  0x00000000080057cc       0x20 d:/stmmcu/stm32cubeide_1.7.0/stm32cubeide/plugins/com.st.stm32cube.ide.mcu.externaltools.gnu-tools-for-stm32.9-2020-q2-update.win32_2.0.0.202105311346/tools/bin/../lib/gcc/arm-none-eabi/9.3.1/../../../../arm-none-eabi/lib/thumb/v7-m/nofp\libc_nano.a(lib_a-sbrkr.o)
                0x00000000080057cc                _sbrk_r
 .text.sprintf  0x00000000080057ec       0x40 d:/stmmcu/stm32cubeide_1.7.0/stm32cubeide/plugins/com.st.stm32cube.ide.mcu.externaltools.gnu-tools-for-stm32.9-2020-q2-update.win32_2.0.0.202105311346/tools/bin/../lib/gcc/arm-none-eabi/9.3.1/../../../../arm-none-eabi/lib/thumb/v7-m/nofp\libc_nano.a(lib_a-sprintf.o)
                0x00000000080057ec                siprintf
                0x00000000080057ec                sprintf
 .text.__malloc_lock
                0x000000000800582c        0xc d:/stmmcu/stm32cubeide_1.7.0/stm32cubeide/plugins/com.st.stm32cube.ide.mcu.externaltools.gnu-tools-for-stm32.9-2020-q2-update.win32_2.0.0.202105311346/tools/bin/../lib/gcc/arm-none-eabi/9.3.1/../../../../arm-none-eabi/lib/thumb/v7-m/nofp\libc_nano.a(lib_a-mlock.o)
                0x000000000800582c                __malloc_lock
 .text.__malloc_unlock
                0x0000000008005838        0xc d:/stmmcu/stm32cubeide_1.7.0/stm32cubeide/plugins/com.st.stm32cube.ide.mcu.externaltools.gnu-tools-for-stm32.9-2020-q2-update.win32_2.0.0.202105311346/tools/bin/../lib/gcc/arm-none-eabi/9.3.1/../../../../arm-none-eabi/lib/thumb/v7-m/nofp\libc_nano.a(lib_a-mlock.o)
                0x0000000008005838                __malloc_unlock
 .text.__ssputs_r
                0x0000000008005844       0xb6 d:/stmmcu/stm32cubeide_1.7.0/stm32cubeide/plugins/com.st.stm32cube.ide.mcu.externaltools.gnu-tools-for-stm32.9-2020-q2-update.win32_2.0.0.202105311346/tools/bin/../lib/gcc/arm-none-eabi/9.3.1/../../../../arm-none-eabi/lib/thumb/v7-m/nofp\libc_nano.a(lib_a-nano-svfprintf.o)
                0x0000000008005844                __ssputs_r
 *fill*         0x00000000080058fa        0x2 
 .text._svfprintf_r
                0x00000000080058fc      0x200 d:/stmmcu/stm32cubeide_1.7.0/stm32cubeide/plugins/com.st.stm32cube.ide.mcu.externaltools.gnu-tools-for-stm32.9-2020-q2-update.win32_2.0.0.202105311346/tools/bin/../lib/gcc/arm-none-eabi/9.3.1/../../../../arm-none-eabi/lib/thumb/v7-m/nofp\libc_nano.a(lib_a-nano-svfprintf.o)
                0x00000000080058fc                _svfiprintf_r
                0x00000000080058fc                _svfprintf_r
 .text._printf_common
                0x0000000008005afc       0xde d:/stmmcu/stm32cubeide_1.7.0/stm32cubeide/plugins/com.st.stm32cube.ide.mcu.externaltools.gnu-tools-for-stm32.9-2020-q2-update.win32_2.0.0.202105311346/tools/bin/../lib/gcc/arm-none-eabi/9.3.1/../../../../arm-none-eabi/lib/thumb/v7-m/nofp\libc_nano.a(lib_a-nano-vfprintf_i.o)
                0x0000000008005afc                _printf_common
 *fill*         0x0000000008005bda        0x2 
 .text._printf_i
                0x0000000008005bdc      0x24c d:/stmmcu/stm32cubeide_1.7.0/stm32cubeide/plugins/com.st.stm32cube.ide.mcu.externaltools.gnu-tools-for-stm32.9-2020-q2-update.win32_2.0.0.202105311346/tools/bin/../lib/gcc/arm-none-eabi/9.3.1/../../../../arm-none-eabi/lib/thumb/v7-m/nofp\libc_nano.a(lib_a-nano-vfprintf_i.o)
                0x0000000008005bdc                _printf_i
 .text.__retarget_lock_acquire_recursive
                0x0000000008005e28        0x2 d:/stmmcu/stm32cubeide_1.7.0/stm32cubeide/plugins/com.st.stm32cube.ide.mcu.externaltools.gnu-tools-for-stm32.9-2020-q2-update.win32_2.0.0.202105311346/tools/bin/../lib/gcc/arm-none-eabi/9.3.1/../../../../arm-none-eabi/lib/thumb/v7-m/nofp\libc_nano.a(lib_a-lock.o)
                0x0000000008005e28                __retarget_lock_acquire_recursive
 .text.__retarget_lock_release_recursive
                0x0000000008005e2a        0x2 d:/stmmcu/stm32cubeide_1.7.0/stm32cubeide/plugins/com.st.stm32cube.ide.mcu.externaltools.gnu-tools-for-stm32.9-2020-q2-update.win32_2.0.0.202105311346/tools/bin/../lib/gcc/arm-none-eabi/9.3.1/../../../../arm-none-eabi/lib/thumb/v7-m/nofp\libc_nano.a(lib_a-lock.o)
                0x0000000008005e2a                __retarget_lock_release_recursive
 .text.memchr   0x0000000008005e2c       0x1c d:/stmmcu/stm32cubeide_1.7.0/stm32cubeide/plugins/com.st.stm32cube.ide.mcu.externaltools.gnu-tools-for-stm32.9-2020-q2-update.win32_2.0.0.202105311346/tools/bin/../lib/gcc/arm-none-eabi/9.3.1/../../../../arm-none-eabi/lib/thumb/v7-m/nofp\libc_nano.a(lib_a-memchr-stub.o)
                0x0000000008005e2c                memchr
 .text.memcpy   0x0000000008005e48       0x1c d:/stmmcu/stm32cubeide_1.7.0/stm32cubeide/plugins/com.st.stm32cube.ide.mcu.externaltools.gnu-tools-for-stm32.9-2020-q2-update.win32_2.0.0.202105311346/tools/bin/../lib/gcc/arm-none-eabi/9.3.1/../../../../arm-none-eabi/lib/thumb/v7-m/nofp\libc_nano.a(lib_a-memcpy-stub.o)
                0x0000000008005e48                memcpy
 .text.memmove  0x0000000008005e64       0x34 d:/stmmcu/stm32cubeide_1.7.0/stm32cubeide/plugins/com.st.stm32cube.ide.mcu.externaltools.gnu-tools-for-stm32.9-2020-q2-update.win32_2.0.0.202105311346/tools/bin/../lib/gcc/arm-none-eabi/9.3.1/../../../../arm-none-eabi/lib/thumb/v7-m/nofp\libc_nano.a(lib_a-memmove.o)
                0x0000000008005e64                memmove
 .text._realloc_r
                0x0000000008005e98       0x4c d:/stmmcu/stm32cubeide_1.7.0/stm32cubeide/plugins/com.st.stm32cube.ide.mcu.externaltools.gnu-tools-for-stm32.9-2020-q2-update.win32_2.0.0.202105311346/tools/bin/../lib/gcc/arm-none-eabi/9.3.1/../../../../arm-none-eabi/lib/thumb/v7-m/nofp\libc_nano.a(lib_a-nano-reallocr.o)
                0x0000000008005e98                _realloc_r
 .text._malloc_usable_size_r
                0x0000000008005ee4       0x10 d:/stmmcu/stm32cubeide_1.7.0/stm32cubeide/plugins/com.st.stm32cube.ide.mcu.externaltools.gnu-tools-for-stm32.9-2020-q2-update.win32_2.0.0.202105311346/tools/bin/../lib/gcc/arm-none-eabi/9.3.1/../../../../arm-none-eabi/lib/thumb/v7-m/nofp\libc_nano.a(lib_a-nano-msizer.o)
                0x0000000008005ee4                _malloc_usable_size_r
 *(.glue_7)
 .glue_7        0x0000000008005ef4        0x0 linker stubs
 *(.glue_7t)
 .glue_7t       0x0000000008005ef4        0x0 linker stubs
 *(.eh_frame)
 .eh_frame      0x0000000008005ef4        0x0 d:/stmmcu/stm32cubeide_1.7.0/stm32cubeide/plugins/com.st.stm32cube.ide.mcu.externaltools.gnu-tools-for-stm32.9-2020-q2-update.win32_2.0.0.202105311346/tools/bin/../lib/gcc/arm-none-eabi/9.3.1/thumb/v7-m/nofp/crtbegin.o
 *(.init)
 .init          0x0000000008005ef4        0x4 d:/stmmcu/stm32cubeide_1.7.0/stm32cubeide/plugins/com.st.stm32cube.ide.mcu.externaltools.gnu-tools-for-stm32.9-2020-q2-update.win32_2.0.0.202105311346/tools/bin/../lib/gcc/arm-none-eabi/9.3.1/thumb/v7-m/nofp/crti.o
                0x0000000008005ef4                _init
 .init          0x0000000008005ef8        0x8 d:/stmmcu/stm32cubeide_1.7.0/stm32cubeide/plugins/com.st.stm32cube.ide.mcu.externaltools.gnu-tools-for-stm32.9-2020-q2-update.win32_2.0.0.202105311346/tools/bin/../lib/gcc/arm-none-eabi/9.3.1/thumb/v7-m/nofp/crtn.o
 *(.fini)
 .fini          0x0000000008005f00        0x4 d:/stmmcu/stm32cubeide_1.7.0/stm32cubeide/plugins/com.st.stm32cube.ide.mcu.externaltools.gnu-tools-for-stm32.9-2020-q2-update.win32_2.0.0.202105311346/tools/bin/../lib/gcc/arm-none-eabi/9.3.1/thumb/v7-m/nofp/crti.o
                0x0000000008005f00                _fini
 .fini          0x0000000008005f04        0x8 d:/stmmcu/stm32cubeide_1.7.0/stm32cubeide/plugins/com.st.stm32cube.ide.mcu.externaltools.gnu-tools-for-stm32.9-2020-q2-update.win32_2.0.0.202105311346/tools/bin/../lib/gcc/arm-none-eabi/9.3.1/thumb/v7-m/nofp/crtn.o
                0x0000000008005f0c                . = ALIGN (0x4)
                0x0000000008005f0c                _etext = .

.vfp11_veneer   0x0000000008005f0c        0x0
 .vfp11_veneer  0x0000000008005f0c        0x0 linker stubs

.v4_bx          0x0000000008005f0c        0x0
 .v4_bx         0x0000000008005f0c        0x0 linker stubs

.iplt           0x0000000008005f0c        0x0
 .iplt          0x0000000008005f0c        0x0 d:/stmmcu/stm32cubeide_1.7.0/stm32cubeide/plugins/com.st.stm32cube.ide.mcu.externaltools.gnu-tools-for-stm32.9-2020-q2-update.win32_2.0.0.202105311346/tools/bin/../lib/gcc/arm-none-eabi/9.3.1/thumb/v7-m/nofp/crtbegin.o

.rodata         0x0000000008005f0c       0xec
                0x0000000008005f0c                . = ALIGN (0x4)
 *(.rodata)
 .rodata        0x0000000008005f0c        0x3 ./Core/Src/fsm_auto.o
 *fill*         0x0000000008005f0f        0x1 
 .rodata        0x0000000008005f10       0x61 ./Core/Src/fsm_setting.o
 *fill*         0x0000000008005f71        0x3 
 .rodata        0x0000000008005f74       0x21 ./Core/Src/global.o
 *(.rodata*)
 *fill*         0x0000000008005f95        0x3 
 .rodata.AHBPrescTable
                0x0000000008005f98       0x10 ./Core/Src/system_stm32f1xx.o
                0x0000000008005f98                AHBPrescTable
 .rodata.APBPrescTable
                0x0000000008005fa8        0x8 ./Core/Src/system_stm32f1xx.o
                0x0000000008005fa8                APBPrescTable
 .rodata.aPLLMULFactorTable.6442
                0x0000000008005fb0       0x10 ./Drivers/STM32F1xx_HAL_Driver/Src/stm32f1xx_hal_rcc.o
 .rodata.aPredivFactorTable.6443
                0x0000000008005fc0        0x2 ./Drivers/STM32F1xx_HAL_Driver/Src/stm32f1xx_hal_rcc.o
 .rodata._svfprintf_r.str1.1
                0x0000000008005fc2       0x11 d:/stmmcu/stm32cubeide_1.7.0/stm32cubeide/plugins/com.st.stm32cube.ide.mcu.externaltools.gnu-tools-for-stm32.9-2020-q2-update.win32_2.0.0.202105311346/tools/bin/../lib/gcc/arm-none-eabi/9.3.1/../../../../arm-none-eabi/lib/thumb/v7-m/nofp\libc_nano.a(lib_a-nano-svfprintf.o)
 .rodata._printf_i.str1.1
                0x0000000008005fd3       0x22 d:/stmmcu/stm32cubeide_1.7.0/stm32cubeide/plugins/com.st.stm32cube.ide.mcu.externaltools.gnu-tools-for-stm32.9-2020-q2-update.win32_2.0.0.202105311346/tools/bin/../lib/gcc/arm-none-eabi/9.3.1/../../../../arm-none-eabi/lib/thumb/v7-m/nofp\libc_nano.a(lib_a-nano-vfprintf_i.o)
                0x0000000008005ff8                . = ALIGN (0x4)
 *fill*         0x0000000008005ff5        0x3 

.ARM.extab      0x0000000008005ff8        0x0
                0x0000000008005ff8                . = ALIGN (0x4)
 *(.ARM.extab* .gnu.linkonce.armextab.*)
                0x0000000008005ff8                . = ALIGN (0x4)

.ARM            0x0000000008005ff8        0x8
                0x0000000008005ff8                . = ALIGN (0x4)
                0x0000000008005ff8                __exidx_start = .
 *(.ARM.exidx*)
 .ARM.exidx     0x0000000008005ff8        0x8 d:/stmmcu/stm32cubeide_1.7.0/stm32cubeide/plugins/com.st.stm32cube.ide.mcu.externaltools.gnu-tools-for-stm32.9-2020-q2-update.win32_2.0.0.202105311346/tools/bin/../lib/gcc/arm-none-eabi/9.3.1/thumb/v7-m/nofp\libgcc.a(_udivmoddi4.o)
                0x0000000008006000                __exidx_end = .
                0x0000000008006000                . = ALIGN (0x4)

.rel.dyn        0x0000000008006000        0x0
 .rel.iplt      0x0000000008006000        0x0 d:/stmmcu/stm32cubeide_1.7.0/stm32cubeide/plugins/com.st.stm32cube.ide.mcu.externaltools.gnu-tools-for-stm32.9-2020-q2-update.win32_2.0.0.202105311346/tools/bin/../lib/gcc/arm-none-eabi/9.3.1/thumb/v7-m/nofp/crtbegin.o

.preinit_array  0x0000000008006000        0x0
                0x0000000008006000                . = ALIGN (0x4)
                0x0000000008006000                PROVIDE (__preinit_array_start = .)
 *(.preinit_array*)
                0x0000000008006000                PROVIDE (__preinit_array_end = .)
                0x0000000008006000                . = ALIGN (0x4)

.init_array     0x0000000008006000        0x4
                0x0000000008006000                . = ALIGN (0x4)
                0x0000000008006000                PROVIDE (__init_array_start = .)
 *(SORT_BY_NAME(.init_array.*))
 *(.init_array*)
 .init_array    0x0000000008006000        0x4 d:/stmmcu/stm32cubeide_1.7.0/stm32cubeide/plugins/com.st.stm32cube.ide.mcu.externaltools.gnu-tools-for-stm32.9-2020-q2-update.win32_2.0.0.202105311346/tools/bin/../lib/gcc/arm-none-eabi/9.3.1/thumb/v7-m/nofp/crtbegin.o
                0x0000000008006004                PROVIDE (__init_array_end = .)
                0x0000000008006004                . = ALIGN (0x4)

.fini_array     0x0000000008006004        0x4
                0x0000000008006004                . = ALIGN (0x4)
                [!provide]                        PROVIDE (__fini_array_start = .)
 *(SORT_BY_NAME(.fini_array.*))
 *(.fini_array*)
 .fini_array    0x0000000008006004        0x4 d:/stmmcu/stm32cubeide_1.7.0/stm32cubeide/plugins/com.st.stm32cube.ide.mcu.externaltools.gnu-tools-for-stm32.9-2020-q2-update.win32_2.0.0.202105311346/tools/bin/../lib/gcc/arm-none-eabi/9.3.1/thumb/v7-m/nofp/crtbegin.o
                [!provide]                        PROVIDE (__fini_array_end = .)
                0x0000000008006008                . = ALIGN (0x4)
                0x0000000008006008                _sidata = LOADADDR (.data)

.data           0x0000000020000000       0xdc load address 0x0000000008006008
                0x0000000020000000                . = ALIGN (0x4)
                0x0000000020000000                _sdata = .
 *(.data)
 *(.data*)
 .data.auto_mode_string
                0x0000000020000000       0x11 ./Core/Src/fsm_auto.o
                0x0000000020000000                auto_mode_string
 *fill*         0x0000000020000011        0x3 
 .data.manual_mode_string
                0x0000000020000014       0x13 ./Core/Src/fsm_manual.o
                0x0000000020000014                manual_mode_string
 *fill*         0x0000000020000027        0x1 
 .data.red_odd  0x0000000020000028       0x10 ./Core/Src/fsm_manual.o
                0x0000000020000028                red_odd
 .data.red_even
                0x0000000020000038       0x11 ./Core/Src/fsm_manual.o
                0x0000000020000038                red_even
 *fill*         0x0000000020000049        0x3 
 .data.counter_blinkLed
                0x000000002000004c        0x4 ./Core/Src/global.o
                0x000000002000004c                counter_blinkLed
 .data.red_timer_string
                0x0000000020000050        0x5 ./Core/Src/global.o
                0x0000000020000050                red_timer_string
 *fill*         0x0000000020000055        0x3 
 .data.green_timer_string
                0x0000000020000058        0x7 ./Core/Src/global.o
                0x0000000020000058                green_timer_string
 *fill*         0x000000002000005f        0x1 
 .data.yellow_timer_string
                0x0000000020000060        0x7 ./Core/Src/global.o
                0x0000000020000060                yellow_timer_string
 *fill*         0x0000000020000067        0x1 
 .data.counterOneSecond
                0x0000000020000068        0x4 ./Core/Src/global.o
                0x0000000020000068                counterOneSecond
 .data.SystemCoreClock
                0x000000002000006c        0x4 ./Core/Src/system_stm32f1xx.o
                0x000000002000006c                SystemCoreClock
 .data.uwTickPrio
                0x0000000020000070        0x4 ./Drivers/STM32F1xx_HAL_Driver/Src/stm32f1xx_hal.o
                0x0000000020000070                uwTickPrio
 .data.uwTickFreq
                0x0000000020000074        0x1 ./Drivers/STM32F1xx_HAL_Driver/Src/stm32f1xx_hal.o
                0x0000000020000074                uwTickFreq
 *fill*         0x0000000020000075        0x3 
 .data._impure_ptr
                0x0000000020000078        0x4 d:/stmmcu/stm32cubeide_1.7.0/stm32cubeide/plugins/com.st.stm32cube.ide.mcu.externaltools.gnu-tools-for-stm32.9-2020-q2-update.win32_2.0.0.202105311346/tools/bin/../lib/gcc/arm-none-eabi/9.3.1/../../../../arm-none-eabi/lib/thumb/v7-m/nofp\libc_nano.a(lib_a-impure.o)
                0x0000000020000078                _impure_ptr
 .data.impure_data
                0x000000002000007c       0x60 d:/stmmcu/stm32cubeide_1.7.0/stm32cubeide/plugins/com.st.stm32cube.ide.mcu.externaltools.gnu-tools-for-stm32.9-2020-q2-update.win32_2.0.0.202105311346/tools/bin/../lib/gcc/arm-none-eabi/9.3.1/../../../../arm-none-eabi/lib/thumb/v7-m/nofp\libc_nano.a(lib_a-impure.o)
 *(.RamFunc)
 *(.RamFunc*)
                0x00000000200000dc                . = ALIGN (0x4)
                0x00000000200000dc                _edata = .

.igot.plt       0x00000000200000dc        0x0 load address 0x00000000080060e4
 .igot.plt      0x00000000200000dc        0x0 d:/stmmcu/stm32cubeide_1.7.0/stm32cubeide/plugins/com.st.stm32cube.ide.mcu.externaltools.gnu-tools-for-stm32.9-2020-q2-update.win32_2.0.0.202105311346/tools/bin/../lib/gcc/arm-none-eabi/9.3.1/thumb/v7-m/nofp/crtbegin.o
                0x00000000200000dc                . = ALIGN (0x4)

.bss            0x00000000200000dc      0x168 load address 0x00000000080060e4
                0x00000000200000dc                _sbss = .
                0x00000000200000dc                __bss_start__ = _sbss
 *(.bss)
 .bss           0x00000000200000dc       0x1c d:/stmmcu/stm32cubeide_1.7.0/stm32cubeide/plugins/com.st.stm32cube.ide.mcu.externaltools.gnu-tools-for-stm32.9-2020-q2-update.win32_2.0.0.202105311346/tools/bin/../lib/gcc/arm-none-eabi/9.3.1/thumb/v7-m/nofp/crtbegin.o
 *(.bss*)
 .bss.red_timer
                0x00000000200000f8        0x2 ./Core/Src/fsm_auto.o
                0x00000000200000f8                red_timer
 .bss.yellow_timer
                0x00000000200000fa        0x2 ./Core/Src/fsm_auto.o
                0x00000000200000fa                yellow_timer
 .bss.green_timer
                0x00000000200000fc        0x2 ./Core/Src/fsm_auto.o
                0x00000000200000fc                green_timer
 .bss.static_red_timer
                0x00000000200000fe        0x2 ./Core/Src/fsm_auto.o
                0x00000000200000fe                static_red_timer
 .bss.static_yellow_timer
                0x0000000020000100        0x2 ./Core/Src/fsm_auto.o
                0x0000000020000100                static_yellow_timer
 .bss.static_green_timer
                0x0000000020000102        0x2 ./Core/Src/fsm_auto.o
                0x0000000020000102                static_green_timer
 .bss.state_of_setting
                0x0000000020000104        0x1 ./Core/Src/fsm_setting.o
                0x0000000020000104                state_of_setting
 .bss.state_even_road
                0x0000000020000105        0x1 ./Core/Src/global.o
                0x0000000020000105                state_even_road
 .bss.state_odd_road
                0x0000000020000106        0x1 ./Core/Src/global.o
                0x0000000020000106                state_odd_road
 .bss.red_even_or_odd
                0x0000000020000107        0x1 ./Core/Src/global.o
                0x0000000020000107                red_even_or_odd
 .bss.OneSecondPass
                0x0000000020000108        0x1 ./Core/Src/global.o
                0x0000000020000108                OneSecondPass
 .bss.current_state
                0x0000000020000109        0x1 ./Core/Src/global.o
                0x0000000020000109                current_state
 .bss.control_mode
                0x000000002000010a        0x1 ./Core/Src/global.o
                0x000000002000010a                control_mode
 .bss.temp      0x000000002000010b        0x1 ./Core/Src/main.o
                0x000000002000010b                temp
 .bss.schedulerDataStructure
                0x000000002000010c        0x4 ./Core/Src/scheduler.o
                0x000000002000010c                schedulerDataStructure
 .bss.BufferTimer
                0x0000000020000110        0x4 ./Core/Src/scheduler.o
                0x0000000020000110                BufferTimer
 .bss.__sbrk_heap_end
                0x0000000020000114        0x4 ./Core/Src/sysmem.o
 .bss.CHOOSING_MODE_flag
                0x0000000020000118        0x1 ./Core/Src/uart.o
                0x0000000020000118                CHOOSING_MODE_flag
 .bss.AUTO_MODE_flag
                0x0000000020000119        0x1 ./Core/Src/uart.o
                0x0000000020000119                AUTO_MODE_flag
 .bss.SETTING_MODE_flag
                0x000000002000011a        0x1 ./Core/Src/uart.o
                0x000000002000011a                SETTING_MODE_flag
 .bss.CHANGING_RED_TIMER_flag
                0x000000002000011b        0x1 ./Core/Src/uart.o
                0x000000002000011b                CHANGING_RED_TIMER_flag
 .bss.CHANGING_YELLOW_TIMER_flag
                0x000000002000011c        0x1 ./Core/Src/uart.o
                0x000000002000011c                CHANGING_YELLOW_TIMER_flag
 .bss.CHANGING_GREEN_TIMER_flag
                0x000000002000011d        0x1 ./Core/Src/uart.o
                0x000000002000011d                CHANGING_GREEN_TIMER_flag
 .bss.SET_TIMER_flag
                0x000000002000011e        0x1 ./Core/Src/uart.o
                0x000000002000011e                SET_TIMER_flag
 .bss.MANUAL_MODE_flag
                0x000000002000011f        0x1 ./Core/Src/uart.o
                0x000000002000011f                MANUAL_MODE_flag
 .bss.RED_AT_ODD_flag
                0x0000000020000120        0x1 ./Core/Src/uart.o
                0x0000000020000120                RED_AT_ODD_flag
 .bss.RED_AT_EVEN_flag
                0x0000000020000121        0x1 ./Core/Src/uart.o
                0x0000000020000121                RED_AT_EVEN_flag
 .bss.index_buffer
                0x0000000020000122        0x1 ./Core/Src/uart.o
                0x0000000020000122                index_buffer
 .bss.parser_index
                0x0000000020000123        0x1 ./Core/Src/uart.o
                0x0000000020000123                parser_index
 .bss.choose_mode_parser
                0x0000000020000124        0x1 ./Core/Src/uart.o
                0x0000000020000124                choose_mode_parser
 .bss.auto_mode_parser
                0x0000000020000125        0x1 ./Core/Src/uart.o
                0x0000000020000125                auto_mode_parser
 .bss.setting_mode_parser
                0x0000000020000126        0x1 ./Core/Src/uart.o
                0x0000000020000126                setting_mode_parser
 .bss.manual_mode_parser
                0x0000000020000127        0x1 ./Core/Src/uart.o
                0x0000000020000127                manual_mode_parser
 .bss.touch_RED_bar_parser
                0x0000000020000128        0x1 ./Core/Src/uart.o
                0x0000000020000128                touch_RED_bar_parser
 .bss.touch_YELLOW_bar_parser
                0x0000000020000129        0x1 ./Core/Src/uart.o
                0x0000000020000129                touch_YELLOW_bar_parser
 .bss.touch_GREEN_bar_parser
                0x000000002000012a        0x1 ./Core/Src/uart.o
                0x000000002000012a                touch_GREEN_bar_parser
 .bss.set_timer_parser
                0x000000002000012b        0x1 ./Core/Src/uart.o
                0x000000002000012b                set_timer_parser
 .bss.number_parser_state
                0x000000002000012c        0x1 ./Core/Src/uart.o
                0x000000002000012c                number_parser_state
 *fill*         0x000000002000012d        0x1 
 .bss.parsed_number
                0x000000002000012e        0x2 ./Core/Src/uart.o
                0x000000002000012e                parsed_number
 .bss.user_timer
                0x0000000020000130        0x2 ./Core/Src/uart.o
                0x0000000020000130                user_timer
 .bss.HASH_flag
                0x0000000020000132        0x1 ./Core/Src/uart.o
                0x0000000020000132                HASH_flag
 .bss.touch_REDOD_bar_parser
                0x0000000020000133        0x1 ./Core/Src/uart.o
                0x0000000020000133                touch_REDOD_bar_parser
 .bss.touch_REDEV_bar_parser
                0x0000000020000134        0x1 ./Core/Src/uart.o
                0x0000000020000134                touch_REDEV_bar_parser
 *fill*         0x0000000020000135        0x3 
 .bss.__malloc_free_list
                0x0000000020000138        0x4 d:/stmmcu/stm32cubeide_1.7.0/stm32cubeide/plugins/com.st.stm32cube.ide.mcu.externaltools.gnu-tools-for-stm32.9-2020-q2-update.win32_2.0.0.202105311346/tools/bin/../lib/gcc/arm-none-eabi/9.3.1/../../../../arm-none-eabi/lib/thumb/v7-m/nofp\libc_nano.a(lib_a-nano-mallocr.o)
                0x0000000020000138                __malloc_free_list
 .bss.__malloc_sbrk_start
                0x000000002000013c        0x4 d:/stmmcu/stm32cubeide_1.7.0/stm32cubeide/plugins/com.st.stm32cube.ide.mcu.externaltools.gnu-tools-for-stm32.9-2020-q2-update.win32_2.0.0.202105311346/tools/bin/../lib/gcc/arm-none-eabi/9.3.1/../../../../arm-none-eabi/lib/thumb/v7-m/nofp\libc_nano.a(lib_a-nano-mallocr.o)
                0x000000002000013c                __malloc_sbrk_start
 *(COMMON)
 COMMON         0x0000000020000140        0x4 ./Core/Src/fsm_auto.o
                0x0000000020000140                value_of_timer
 COMMON         0x0000000020000144       0xe4 ./Core/Src/main.o
                0x0000000020000144                hi2c1
                0x0000000020000198                htim2
                0x00000000200001e0                huart2
 COMMON         0x0000000020000228        0x7 ./Core/Src/uart.o
                0x0000000020000228                buffer
 *fill*         0x000000002000022f        0x1 
 COMMON         0x0000000020000230        0x4 ./Drivers/STM32F1xx_HAL_Driver/Src/stm32f1xx_hal.o
                0x0000000020000230                uwTick
 COMMON         0x0000000020000234        0x4 d:/stmmcu/stm32cubeide_1.7.0/stm32cubeide/plugins/com.st.stm32cube.ide.mcu.externaltools.gnu-tools-for-stm32.9-2020-q2-update.win32_2.0.0.202105311346/tools/bin/../lib/gcc/arm-none-eabi/9.3.1/../../../../arm-none-eabi/lib/thumb/v7-m/nofp\libc_nano.a(lib_a-reent.o)
                0x0000000020000234                errno
 COMMON         0x0000000020000238        0x9 d:/stmmcu/stm32cubeide_1.7.0/stm32cubeide/plugins/com.st.stm32cube.ide.mcu.externaltools.gnu-tools-for-stm32.9-2020-q2-update.win32_2.0.0.202105311346/tools/bin/../lib/gcc/arm-none-eabi/9.3.1/../../../../arm-none-eabi/lib/thumb/v7-m/nofp\libc_nano.a(lib_a-lock.o)
                0x0000000020000238                __lock___atexit_recursive_mutex
                0x0000000020000239                __lock___arc4random_mutex
                0x000000002000023a                __lock___env_recursive_mutex
                0x000000002000023b                __lock___sinit_recursive_mutex
                0x000000002000023c                __lock___malloc_recursive_mutex
                0x000000002000023d                __lock___at_quick_exit_mutex
                0x000000002000023e                __lock___dd_hash_mutex
                0x000000002000023f                __lock___tz_mutex
                0x0000000020000240                __lock___sfp_recursive_mutex
                0x0000000020000244                . = ALIGN (0x4)
 *fill*         0x0000000020000241        0x3 
                0x0000000020000244                _ebss = .
                0x0000000020000244                __bss_end__ = _ebss

._user_heap_stack
                0x0000000020000244      0x604 load address 0x00000000080060e4
                0x0000000020000248                . = ALIGN (0x8)
 *fill*         0x0000000020000244        0x4 
                [!provide]                        PROVIDE (end = .)
                0x0000000020000248                PROVIDE (_end = .)
                0x0000000020000448                . = (. + _Min_Heap_Size)
 *fill*         0x0000000020000248      0x200 
                0x0000000020000848                . = (. + _Min_Stack_Size)
 *fill*         0x0000000020000448      0x400 
                0x0000000020000848                . = ALIGN (0x8)

/DISCARD/
 libc.a(*)
 libm.a(*)
 libgcc.a(*)

.ARM.attributes
                0x0000000000000000       0x29
 *(.ARM.attributes)
 .ARM.attributes
                0x0000000000000000       0x1d d:/stmmcu/stm32cubeide_1.7.0/stm32cubeide/plugins/com.st.stm32cube.ide.mcu.externaltools.gnu-tools-for-stm32.9-2020-q2-update.win32_2.0.0.202105311346/tools/bin/../lib/gcc/arm-none-eabi/9.3.1/thumb/v7-m/nofp/crti.o
 .ARM.attributes
                0x000000000000001d       0x2d d:/stmmcu/stm32cubeide_1.7.0/stm32cubeide/plugins/com.st.stm32cube.ide.mcu.externaltools.gnu-tools-for-stm32.9-2020-q2-update.win32_2.0.0.202105311346/tools/bin/../lib/gcc/arm-none-eabi/9.3.1/thumb/v7-m/nofp/crtbegin.o
 .ARM.attributes
                0x000000000000004a       0x2d ./Core/Src/fsm_auto.o
 .ARM.attributes
                0x0000000000000077       0x2d ./Core/Src/fsm_manual.o
 .ARM.attributes
                0x00000000000000a4       0x2d ./Core/Src/fsm_setting.o
 .ARM.attributes
                0x00000000000000d1       0x2d ./Core/Src/global.o
 .ARM.attributes
                0x00000000000000fe       0x2d ./Core/Src/i2c-lcd.o
 .ARM.attributes
                0x000000000000012b       0x2d ./Core/Src/main.o
 .ARM.attributes
                0x0000000000000158       0x2d ./Core/Src/scheduler.o
 .ARM.attributes
                0x0000000000000185       0x2d ./Core/Src/stm32f1xx_hal_msp.o
 .ARM.attributes
                0x00000000000001b2       0x2d ./Core/Src/stm32f1xx_it.o
 .ARM.attributes
                0x00000000000001df       0x2d ./Core/Src/sysmem.o
 .ARM.attributes
                0x000000000000020c       0x2d ./Core/Src/system_stm32f1xx.o
 .ARM.attributes
                0x0000000000000239       0x2d ./Core/Src/uart.o
 .ARM.attributes
                0x0000000000000266       0x21 ./Core/Startup/startup_stm32f103rbtx.o
 .ARM.attributes
                0x0000000000000287       0x2d ./Drivers/STM32F1xx_HAL_Driver/Src/stm32f1xx_hal.o
 .ARM.attributes
                0x00000000000002b4       0x2d ./Drivers/STM32F1xx_HAL_Driver/Src/stm32f1xx_hal_cortex.o
 .ARM.attributes
                0x00000000000002e1       0x2d ./Drivers/STM32F1xx_HAL_Driver/Src/stm32f1xx_hal_dma.o
 .ARM.attributes
                0x000000000000030e       0x2d ./Drivers/STM32F1xx_HAL_Driver/Src/stm32f1xx_hal_gpio.o
 .ARM.attributes
                0x000000000000033b       0x2d ./Drivers/STM32F1xx_HAL_Driver/Src/stm32f1xx_hal_i2c.o
 .ARM.attributes
                0x0000000000000368       0x2d ./Drivers/STM32F1xx_HAL_Driver/Src/stm32f1xx_hal_rcc.o
 .ARM.attributes
                0x0000000000000395       0x2d ./Drivers/STM32F1xx_HAL_Driver/Src/stm32f1xx_hal_tim.o
 .ARM.attributes
                0x00000000000003c2       0x2d ./Drivers/STM32F1xx_HAL_Driver/Src/stm32f1xx_hal_tim_ex.o
 .ARM.attributes
                0x00000000000003ef       0x2d ./Drivers/STM32F1xx_HAL_Driver/Src/stm32f1xx_hal_uart.o
 .ARM.attributes
                0x000000000000041c       0x2d d:/stmmcu/stm32cubeide_1.7.0/stm32cubeide/plugins/com.st.stm32cube.ide.mcu.externaltools.gnu-tools-for-stm32.9-2020-q2-update.win32_2.0.0.202105311346/tools/bin/../lib/gcc/arm-none-eabi/9.3.1/../../../../arm-none-eabi/lib/thumb/v7-m/nofp\libc_nano.a(lib_a-errno.o)
 .ARM.attributes
                0x0000000000000449       0x2d d:/stmmcu/stm32cubeide_1.7.0/stm32cubeide/plugins/com.st.stm32cube.ide.mcu.externaltools.gnu-tools-for-stm32.9-2020-q2-update.win32_2.0.0.202105311346/tools/bin/../lib/gcc/arm-none-eabi/9.3.1/../../../../arm-none-eabi/lib/thumb/v7-m/nofp\libc_nano.a(lib_a-impure.o)
 .ARM.attributes
                0x0000000000000476       0x2d d:/stmmcu/stm32cubeide_1.7.0/stm32cubeide/plugins/com.st.stm32cube.ide.mcu.externaltools.gnu-tools-for-stm32.9-2020-q2-update.win32_2.0.0.202105311346/tools/bin/../lib/gcc/arm-none-eabi/9.3.1/../../../../arm-none-eabi/lib/thumb/v7-m/nofp\libc_nano.a(lib_a-init.o)
 .ARM.attributes
                0x00000000000004a3       0x2d d:/stmmcu/stm32cubeide_1.7.0/stm32cubeide/plugins/com.st.stm32cube.ide.mcu.externaltools.gnu-tools-for-stm32.9-2020-q2-update.win32_2.0.0.202105311346/tools/bin/../lib/gcc/arm-none-eabi/9.3.1/../../../../arm-none-eabi/lib/thumb/v7-m/nofp\libc_nano.a(lib_a-malloc.o)
 .ARM.attributes
                0x00000000000004d0       0x2d d:/stmmcu/stm32cubeide_1.7.0/stm32cubeide/plugins/com.st.stm32cube.ide.mcu.externaltools.gnu-tools-for-stm32.9-2020-q2-update.win32_2.0.0.202105311346/tools/bin/../lib/gcc/arm-none-eabi/9.3.1/../../../../arm-none-eabi/lib/thumb/v7-m/nofp\libc_nano.a(lib_a-memset.o)
 .ARM.attributes
                0x00000000000004fd       0x2d d:/stmmcu/stm32cubeide_1.7.0/stm32cubeide/plugins/com.st.stm32cube.ide.mcu.externaltools.gnu-tools-for-stm32.9-2020-q2-update.win32_2.0.0.202105311346/tools/bin/../lib/gcc/arm-none-eabi/9.3.1/../../../../arm-none-eabi/lib/thumb/v7-m/nofp\libc_nano.a(lib_a-nano-freer.o)
 .ARM.attributes
                0x000000000000052a       0x2d d:/stmmcu/stm32cubeide_1.7.0/stm32cubeide/plugins/com.st.stm32cube.ide.mcu.externaltools.gnu-tools-for-stm32.9-2020-q2-update.win32_2.0.0.202105311346/tools/bin/../lib/gcc/arm-none-eabi/9.3.1/../../../../arm-none-eabi/lib/thumb/v7-m/nofp\libc_nano.a(lib_a-nano-mallocr.o)
 .ARM.attributes
                0x0000000000000557       0x2d d:/stmmcu/stm32cubeide_1.7.0/stm32cubeide/plugins/com.st.stm32cube.ide.mcu.externaltools.gnu-tools-for-stm32.9-2020-q2-update.win32_2.0.0.202105311346/tools/bin/../lib/gcc/arm-none-eabi/9.3.1/../../../../arm-none-eabi/lib/thumb/v7-m/nofp\libc_nano.a(lib_a-sbrkr.o)
 .ARM.attributes
                0x0000000000000584       0x2d d:/stmmcu/stm32cubeide_1.7.0/stm32cubeide/plugins/com.st.stm32cube.ide.mcu.externaltools.gnu-tools-for-stm32.9-2020-q2-update.win32_2.0.0.202105311346/tools/bin/../lib/gcc/arm-none-eabi/9.3.1/../../../../arm-none-eabi/lib/thumb/v7-m/nofp\libc_nano.a(lib_a-sprintf.o)
 .ARM.attributes
                0x00000000000005b1       0x17 d:/stmmcu/stm32cubeide_1.7.0/stm32cubeide/plugins/com.st.stm32cube.ide.mcu.externaltools.gnu-tools-for-stm32.9-2020-q2-update.win32_2.0.0.202105311346/tools/bin/../lib/gcc/arm-none-eabi/9.3.1/../../../../arm-none-eabi/lib/thumb/v7-m/nofp\libc_nano.a(lib_a-strlen.o)
 .ARM.attributes
                0x00000000000005c8       0x2d d:/stmmcu/stm32cubeide_1.7.0/stm32cubeide/plugins/com.st.stm32cube.ide.mcu.externaltools.gnu-tools-for-stm32.9-2020-q2-update.win32_2.0.0.202105311346/tools/bin/../lib/gcc/arm-none-eabi/9.3.1/../../../../arm-none-eabi/lib/thumb/v7-m/nofp\libc_nano.a(lib_a-mlock.o)
 .ARM.attributes
                0x00000000000005f5       0x2d d:/stmmcu/stm32cubeide_1.7.0/stm32cubeide/plugins/com.st.stm32cube.ide.mcu.externaltools.gnu-tools-for-stm32.9-2020-q2-update.win32_2.0.0.202105311346/tools/bin/../lib/gcc/arm-none-eabi/9.3.1/../../../../arm-none-eabi/lib/thumb/v7-m/nofp\libc_nano.a(lib_a-nano-svfprintf.o)
 .ARM.attributes
                0x0000000000000622       0x2d d:/stmmcu/stm32cubeide_1.7.0/stm32cubeide/plugins/com.st.stm32cube.ide.mcu.externaltools.gnu-tools-for-stm32.9-2020-q2-update.win32_2.0.0.202105311346/tools/bin/../lib/gcc/arm-none-eabi/9.3.1/../../../../arm-none-eabi/lib/thumb/v7-m/nofp\libc_nano.a(lib_a-nano-vfprintf_i.o)
 .ARM.attributes
                0x000000000000064f       0x2d d:/stmmcu/stm32cubeide_1.7.0/stm32cubeide/plugins/com.st.stm32cube.ide.mcu.externaltools.gnu-tools-for-stm32.9-2020-q2-update.win32_2.0.0.202105311346/tools/bin/../lib/gcc/arm-none-eabi/9.3.1/../../../../arm-none-eabi/lib/thumb/v7-m/nofp\libc_nano.a(lib_a-reent.o)
 .ARM.attributes
                0x000000000000067c       0x2d d:/stmmcu/stm32cubeide_1.7.0/stm32cubeide/plugins/com.st.stm32cube.ide.mcu.externaltools.gnu-tools-for-stm32.9-2020-q2-update.win32_2.0.0.202105311346/tools/bin/../lib/gcc/arm-none-eabi/9.3.1/../../../../arm-none-eabi/lib/thumb/v7-m/nofp\libc_nano.a(lib_a-lock.o)
 .ARM.attributes
                0x00000000000006a9       0x2d d:/stmmcu/stm32cubeide_1.7.0/stm32cubeide/plugins/com.st.stm32cube.ide.mcu.externaltools.gnu-tools-for-stm32.9-2020-q2-update.win32_2.0.0.202105311346/tools/bin/../lib/gcc/arm-none-eabi/9.3.1/../../../../arm-none-eabi/lib/thumb/v7-m/nofp\libc_nano.a(lib_a-memchr-stub.o)
 .ARM.attributes
                0x00000000000006d6       0x2d d:/stmmcu/stm32cubeide_1.7.0/stm32cubeide/plugins/com.st.stm32cube.ide.mcu.externaltools.gnu-tools-for-stm32.9-2020-q2-update.win32_2.0.0.202105311346/tools/bin/../lib/gcc/arm-none-eabi/9.3.1/../../../../arm-none-eabi/lib/thumb/v7-m/nofp\libc_nano.a(lib_a-memcpy-stub.o)
 .ARM.attributes
                0x0000000000000703       0x2d d:/stmmcu/stm32cubeide_1.7.0/stm32cubeide/plugins/com.st.stm32cube.ide.mcu.externaltools.gnu-tools-for-stm32.9-2020-q2-update.win32_2.0.0.202105311346/tools/bin/../lib/gcc/arm-none-eabi/9.3.1/../../../../arm-none-eabi/lib/thumb/v7-m/nofp\libc_nano.a(lib_a-memmove.o)
 .ARM.attributes
                0x0000000000000730       0x2d d:/stmmcu/stm32cubeide_1.7.0/stm32cubeide/plugins/com.st.stm32cube.ide.mcu.externaltools.gnu-tools-for-stm32.9-2020-q2-update.win32_2.0.0.202105311346/tools/bin/../lib/gcc/arm-none-eabi/9.3.1/../../../../arm-none-eabi/lib/thumb/v7-m/nofp\libc_nano.a(lib_a-nano-reallocr.o)
 .ARM.attributes
                0x000000000000075d       0x2d d:/stmmcu/stm32cubeide_1.7.0/stm32cubeide/plugins/com.st.stm32cube.ide.mcu.externaltools.gnu-tools-for-stm32.9-2020-q2-update.win32_2.0.0.202105311346/tools/bin/../lib/gcc/arm-none-eabi/9.3.1/../../../../arm-none-eabi/lib/thumb/v7-m/nofp\libc_nano.a(lib_a-nano-msizer.o)
 .ARM.attributes
                0x000000000000078a       0x1d d:/stmmcu/stm32cubeide_1.7.0/stm32cubeide/plugins/com.st.stm32cube.ide.mcu.externaltools.gnu-tools-for-stm32.9-2020-q2-update.win32_2.0.0.202105311346/tools/bin/../lib/gcc/arm-none-eabi/9.3.1/thumb/v7-m/nofp\libgcc.a(_aeabi_ldivmod.o)
 .ARM.attributes
                0x00000000000007a7       0x2d d:/stmmcu/stm32cubeide_1.7.0/stm32cubeide/plugins/com.st.stm32cube.ide.mcu.externaltools.gnu-tools-for-stm32.9-2020-q2-update.win32_2.0.0.202105311346/tools/bin/../lib/gcc/arm-none-eabi/9.3.1/thumb/v7-m/nofp\libgcc.a(_udivmoddi4.o)
 .ARM.attributes
                0x00000000000007d4       0x1d d:/stmmcu/stm32cubeide_1.7.0/stm32cubeide/plugins/com.st.stm32cube.ide.mcu.externaltools.gnu-tools-for-stm32.9-2020-q2-update.win32_2.0.0.202105311346/tools/bin/../lib/gcc/arm-none-eabi/9.3.1/thumb/v7-m/nofp\libgcc.a(_dvmd_tls.o)
 .ARM.attributes
                0x00000000000007f1       0x1d d:/stmmcu/stm32cubeide_1.7.0/stm32cubeide/plugins/com.st.stm32cube.ide.mcu.externaltools.gnu-tools-for-stm32.9-2020-q2-update.win32_2.0.0.202105311346/tools/bin/../lib/gcc/arm-none-eabi/9.3.1/thumb/v7-m/nofp/crtn.o
OUTPUT(Assignment-MCU.elf elf32-littlearm)
LOAD linker stubs
LOAD d:/stmmcu/stm32cubeide_1.7.0/stm32cubeide/plugins/com.st.stm32cube.ide.mcu.externaltools.gnu-tools-for-stm32.9-2020-q2-update.win32_2.0.0.202105311346/tools/bin/../lib/gcc/arm-none-eabi/9.3.1/../../../../arm-none-eabi/lib/thumb/v7-m/nofp\libc.a
LOAD d:/stmmcu/stm32cubeide_1.7.0/stm32cubeide/plugins/com.st.stm32cube.ide.mcu.externaltools.gnu-tools-for-stm32.9-2020-q2-update.win32_2.0.0.202105311346/tools/bin/../lib/gcc/arm-none-eabi/9.3.1/../../../../arm-none-eabi/lib/thumb/v7-m/nofp\libm.a
LOAD d:/stmmcu/stm32cubeide_1.7.0/stm32cubeide/plugins/com.st.stm32cube.ide.mcu.externaltools.gnu-tools-for-stm32.9-2020-q2-update.win32_2.0.0.202105311346/tools/bin/../lib/gcc/arm-none-eabi/9.3.1/thumb/v7-m/nofp\libgcc.a

.debug_info     0x0000000000000000    0x16725
 .debug_info    0x0000000000000000      0xcec ./Core/Src/fsm_auto.o
 .debug_info    0x0000000000000cec      0xbb2 ./Core/Src/fsm_manual.o
 .debug_info    0x000000000000189e      0xbb5 ./Core/Src/fsm_setting.o
 .debug_info    0x0000000000002453      0xe4b ./Core/Src/global.o
 .debug_info    0x000000000000329e      0x7d7 ./Core/Src/i2c-lcd.o
 .debug_info    0x0000000000003a75     0x1c23 ./Core/Src/main.o
 .debug_info    0x0000000000005698     0x10a4 ./Core/Src/scheduler.o
 .debug_info    0x000000000000673c     0x1150 ./Core/Src/stm32f1xx_hal_msp.o
 .debug_info    0x000000000000788c      0xa5d ./Core/Src/stm32f1xx_it.o
 .debug_info    0x00000000000082e9      0xa25 ./Core/Src/sysmem.o
 .debug_info    0x0000000000008d0e      0x2be ./Core/Src/system_stm32f1xx.o
 .debug_info    0x0000000000008fcc     0x118f ./Core/Src/uart.o
 .debug_info    0x000000000000a15b       0x22 ./Core/Startup/startup_stm32f103rbtx.o
 .debug_info    0x000000000000a17d      0x76a ./Drivers/STM32F1xx_HAL_Driver/Src/stm32f1xx_hal.o
 .debug_info    0x000000000000a8e7      0xbdc ./Drivers/STM32F1xx_HAL_Driver/Src/stm32f1xx_hal_cortex.o
 .debug_info    0x000000000000b4c3      0x823 ./Drivers/STM32F1xx_HAL_Driver/Src/stm32f1xx_hal_dma.o
 .debug_info    0x000000000000bce6      0x701 ./Drivers/STM32F1xx_HAL_Driver/Src/stm32f1xx_hal_gpio.o
 .debug_info    0x000000000000c3e7     0x27cb ./Drivers/STM32F1xx_HAL_Driver/Src/stm32f1xx_hal_i2c.o
 .debug_info    0x000000000000ebb2      0x893 ./Drivers/STM32F1xx_HAL_Driver/Src/stm32f1xx_hal_rcc.o
 .debug_info    0x000000000000f445     0x2c32 ./Drivers/STM32F1xx_HAL_Driver/Src/stm32f1xx_hal_tim.o
 .debug_info    0x0000000000012077     0x157f ./Drivers/STM32F1xx_HAL_Driver/Src/stm32f1xx_hal_tim_ex.o
 .debug_info    0x00000000000135f6     0x312f ./Drivers/STM32F1xx_HAL_Driver/Src/stm32f1xx_hal_uart.o

.debug_abbrev   0x0000000000000000     0x2edd
 .debug_abbrev  0x0000000000000000      0x227 ./Core/Src/fsm_auto.o
 .debug_abbrev  0x0000000000000227      0x1c8 ./Core/Src/fsm_manual.o
 .debug_abbrev  0x00000000000003ef      0x1e0 ./Core/Src/fsm_setting.o
 .debug_abbrev  0x00000000000005cf      0x252 ./Core/Src/global.o
 .debug_abbrev  0x0000000000000821      0x1b2 ./Core/Src/i2c-lcd.o
 .debug_abbrev  0x00000000000009d3      0x300 ./Core/Src/main.o
 .debug_abbrev  0x0000000000000cd3      0x375 ./Core/Src/scheduler.o
 .debug_abbrev  0x0000000000001048      0x1c8 ./Core/Src/stm32f1xx_hal_msp.o
 .debug_abbrev  0x0000000000001210      0x176 ./Core/Src/stm32f1xx_it.o
 .debug_abbrev  0x0000000000001386      0x1bf ./Core/Src/sysmem.o
 .debug_abbrev  0x0000000000001545      0x14e ./Core/Src/system_stm32f1xx.o
 .debug_abbrev  0x0000000000001693      0x27e ./Core/Src/uart.o
 .debug_abbrev  0x0000000000001911       0x12 ./Core/Startup/startup_stm32f103rbtx.o
 .debug_abbrev  0x0000000000001923      0x1ed ./Drivers/STM32F1xx_HAL_Driver/Src/stm32f1xx_hal.o
 .debug_abbrev  0x0000000000001b10      0x313 ./Drivers/STM32F1xx_HAL_Driver/Src/stm32f1xx_hal_cortex.o
 .debug_abbrev  0x0000000000001e23      0x228 ./Drivers/STM32F1xx_HAL_Driver/Src/stm32f1xx_hal_dma.o
 .debug_abbrev  0x000000000000204b      0x1e8 ./Drivers/STM32F1xx_HAL_Driver/Src/stm32f1xx_hal_gpio.o
 .debug_abbrev  0x0000000000002233      0x288 ./Drivers/STM32F1xx_HAL_Driver/Src/stm32f1xx_hal_i2c.o
 .debug_abbrev  0x00000000000024bb      0x273 ./Drivers/STM32F1xx_HAL_Driver/Src/stm32f1xx_hal_rcc.o
 .debug_abbrev  0x000000000000272e      0x25e ./Drivers/STM32F1xx_HAL_Driver/Src/stm32f1xx_hal_tim.o
 .debug_abbrev  0x000000000000298c      0x266 ./Drivers/STM32F1xx_HAL_Driver/Src/stm32f1xx_hal_tim_ex.o
 .debug_abbrev  0x0000000000002bf2      0x2eb ./Drivers/STM32F1xx_HAL_Driver/Src/stm32f1xx_hal_uart.o

.debug_aranges  0x0000000000000000     0x11e8
 .debug_aranges
                0x0000000000000000       0x70 ./Core/Src/fsm_auto.o
 .debug_aranges
                0x0000000000000070       0x30 ./Core/Src/fsm_manual.o
 .debug_aranges
                0x00000000000000a0       0x40 ./Core/Src/fsm_setting.o
 .debug_aranges
                0x00000000000000e0       0xa0 ./Core/Src/global.o
 .debug_aranges
                0x0000000000000180       0x48 ./Core/Src/i2c-lcd.o
 .debug_aranges
                0x00000000000001c8       0x60 ./Core/Src/main.o
 .debug_aranges
                0x0000000000000228       0x90 ./Core/Src/scheduler.o
 .debug_aranges
                0x00000000000002b8       0x50 ./Core/Src/stm32f1xx_hal_msp.o
 .debug_aranges
                0x0000000000000308       0x78 ./Core/Src/stm32f1xx_it.o
 .debug_aranges
                0x0000000000000380       0x20 ./Core/Src/sysmem.o
 .debug_aranges
                0x00000000000003a0       0x28 ./Core/Src/system_stm32f1xx.o
 .debug_aranges
                0x00000000000003c8       0xc8 ./Core/Src/uart.o
 .debug_aranges
                0x0000000000000490       0x28 ./Core/Startup/startup_stm32f103rbtx.o
 .debug_aranges
                0x00000000000004b8       0xe0 ./Drivers/STM32F1xx_HAL_Driver/Src/stm32f1xx_hal.o
 .debug_aranges
                0x0000000000000598      0x100 ./Drivers/STM32F1xx_HAL_Driver/Src/stm32f1xx_hal_cortex.o
 .debug_aranges
                0x0000000000000698       0x80 ./Drivers/STM32F1xx_HAL_Driver/Src/stm32f1xx_hal_dma.o
 .debug_aranges
                0x0000000000000718       0x58 ./Drivers/STM32F1xx_HAL_Driver/Src/stm32f1xx_hal_gpio.o
 .debug_aranges
                0x0000000000000770      0x2a8 ./Drivers/STM32F1xx_HAL_Driver/Src/stm32f1xx_hal_i2c.o
 .debug_aranges
                0x0000000000000a18       0x90 ./Drivers/STM32F1xx_HAL_Driver/Src/stm32f1xx_hal_rcc.o
 .debug_aranges
                0x0000000000000aa8      0x3d0 ./Drivers/STM32F1xx_HAL_Driver/Src/stm32f1xx_hal_tim.o
 .debug_aranges
                0x0000000000000e78      0x168 ./Drivers/STM32F1xx_HAL_Driver/Src/stm32f1xx_hal_tim_ex.o
 .debug_aranges
                0x0000000000000fe0      0x208 ./Drivers/STM32F1xx_HAL_Driver/Src/stm32f1xx_hal_uart.o

.debug_ranges   0x0000000000000000     0x10d8
 .debug_ranges  0x0000000000000000       0x60 ./Core/Src/fsm_auto.o
 .debug_ranges  0x0000000000000060       0x20 ./Core/Src/fsm_manual.o
 .debug_ranges  0x0000000000000080       0x30 ./Core/Src/fsm_setting.o
 .debug_ranges  0x00000000000000b0       0x90 ./Core/Src/global.o
 .debug_ranges  0x0000000000000140       0x38 ./Core/Src/i2c-lcd.o
 .debug_ranges  0x0000000000000178       0x50 ./Core/Src/main.o
 .debug_ranges  0x00000000000001c8       0x80 ./Core/Src/scheduler.o
 .debug_ranges  0x0000000000000248       0x40 ./Core/Src/stm32f1xx_hal_msp.o
 .debug_ranges  0x0000000000000288       0x68 ./Core/Src/stm32f1xx_it.o
 .debug_ranges  0x00000000000002f0       0x10 ./Core/Src/sysmem.o
 .debug_ranges  0x0000000000000300       0x18 ./Core/Src/system_stm32f1xx.o
 .debug_ranges  0x0000000000000318       0xb8 ./Core/Src/uart.o
 .debug_ranges  0x00000000000003d0       0x20 ./Core/Startup/startup_stm32f103rbtx.o
 .debug_ranges  0x00000000000003f0       0xd0 ./Drivers/STM32F1xx_HAL_Driver/Src/stm32f1xx_hal.o
 .debug_ranges  0x00000000000004c0       0xf0 ./Drivers/STM32F1xx_HAL_Driver/Src/stm32f1xx_hal_cortex.o
 .debug_ranges  0x00000000000005b0       0x70 ./Drivers/STM32F1xx_HAL_Driver/Src/stm32f1xx_hal_dma.o
 .debug_ranges  0x0000000000000620       0x48 ./Drivers/STM32F1xx_HAL_Driver/Src/stm32f1xx_hal_gpio.o
 .debug_ranges  0x0000000000000668      0x2b0 ./Drivers/STM32F1xx_HAL_Driver/Src/stm32f1xx_hal_i2c.o
 .debug_ranges  0x0000000000000918       0x80 ./Drivers/STM32F1xx_HAL_Driver/Src/stm32f1xx_hal_rcc.o
 .debug_ranges  0x0000000000000998      0x3c0 ./Drivers/STM32F1xx_HAL_Driver/Src/stm32f1xx_hal_tim.o
 .debug_ranges  0x0000000000000d58      0x158 ./Drivers/STM32F1xx_HAL_Driver/Src/stm32f1xx_hal_tim_ex.o
 .debug_ranges  0x0000000000000eb0      0x228 ./Drivers/STM32F1xx_HAL_Driver/Src/stm32f1xx_hal_uart.o

.debug_macro    0x0000000000000000    0x19a7f
 .debug_macro   0x0000000000000000      0x3bc ./Core/Src/fsm_auto.o
 .debug_macro   0x00000000000003bc      0xa9c ./Core/Src/fsm_auto.o
 .debug_macro   0x0000000000000e58      0x221 ./Core/Src/fsm_auto.o
 .debug_macro   0x0000000000001079       0x2e ./Core/Src/fsm_auto.o
 .debug_macro   0x00000000000010a7       0x22 ./Core/Src/fsm_auto.o
 .debug_macro   0x00000000000010c9       0x22 ./Core/Src/fsm_auto.o
 .debug_macro   0x00000000000010eb       0x8e ./Core/Src/fsm_auto.o
 .debug_macro   0x0000000000001179       0x51 ./Core/Src/fsm_auto.o
 .debug_macro   0x00000000000011ca      0x103 ./Core/Src/fsm_auto.o
 .debug_macro   0x00000000000012cd       0x6a ./Core/Src/fsm_auto.o
 .debug_macro   0x0000000000001337      0x1df ./Core/Src/fsm_auto.o
 .debug_macro   0x0000000000001516       0x1c ./Core/Src/fsm_auto.o
 .debug_macro   0x0000000000001532       0x22 ./Core/Src/fsm_auto.o
 .debug_macro   0x0000000000001554       0xc3 ./Core/Src/fsm_auto.o
 .debug_macro   0x0000000000001617      0xd23 ./Core/Src/fsm_auto.o
 .debug_macro   0x000000000000233a     0xe09e ./Core/Src/fsm_auto.o
 .debug_macro   0x00000000000103d8       0x6d ./Core/Src/fsm_auto.o
 .debug_macro   0x0000000000010445     0x34a2 ./Core/Src/fsm_auto.o
 .debug_macro   0x00000000000138e7      0x174 ./Core/Src/fsm_auto.o
 .debug_macro   0x0000000000013a5b       0x5c ./Core/Src/fsm_auto.o
 .debug_macro   0x0000000000013ab7      0x5bc ./Core/Src/fsm_auto.o
 .debug_macro   0x0000000000014073      0x289 ./Core/Src/fsm_auto.o
 .debug_macro   0x00000000000142fc      0x1cb ./Core/Src/fsm_auto.o
 .debug_macro   0x00000000000144c7      0x114 ./Core/Src/fsm_auto.o
 .debug_macro   0x00000000000145db      0x1b2 ./Core/Src/fsm_auto.o
 .debug_macro   0x000000000001478d       0x27 ./Core/Src/fsm_auto.o
 .debug_macro   0x00000000000147b4      0x136 ./Core/Src/fsm_auto.o
 .debug_macro   0x00000000000148ea      0x1bc ./Core/Src/fsm_auto.o
 .debug_macro   0x0000000000014aa6       0x34 ./Core/Src/fsm_auto.o
 .debug_macro   0x0000000000014ada       0x3c ./Core/Src/fsm_auto.o
 .debug_macro   0x0000000000014b16       0x57 ./Core/Src/fsm_auto.o
 .debug_macro   0x0000000000014b6d       0x87 ./Core/Src/fsm_auto.o
 .debug_macro   0x0000000000014bf4      0x240 ./Core/Src/fsm_auto.o
 .debug_macro   0x0000000000014e34      0x287 ./Core/Src/fsm_auto.o
 .debug_macro   0x00000000000150bb      0x140 ./Core/Src/fsm_auto.o
 .debug_macro   0x00000000000151fb      0x8ed ./Core/Src/fsm_auto.o
 .debug_macro   0x0000000000015ae8      0x28e ./Core/Src/fsm_auto.o
 .debug_macro   0x0000000000015d76       0x83 ./Core/Src/fsm_auto.o
 .debug_macro   0x0000000000015df9       0x82 ./Core/Src/fsm_auto.o
 .debug_macro   0x0000000000015e7b       0x18 ./Core/Src/fsm_auto.o
 .debug_macro   0x0000000000015e93       0x52 ./Core/Src/fsm_auto.o
 .debug_macro   0x0000000000015ee5       0x3c ./Core/Src/fsm_auto.o
 .debug_macro   0x0000000000015f21       0x34 ./Core/Src/fsm_auto.o
 .debug_macro   0x0000000000015f55       0x16 ./Core/Src/fsm_auto.o
 .debug_macro   0x0000000000015f6b       0x35 ./Core/Src/fsm_auto.o
 .debug_macro   0x0000000000015fa0       0x16 ./Core/Src/fsm_auto.o
 .debug_macro   0x0000000000015fb6       0x43 ./Core/Src/fsm_auto.o
 .debug_macro   0x0000000000015ff9       0x34 ./Core/Src/fsm_auto.o
 .debug_macro   0x000000000001602d       0x10 ./Core/Src/fsm_auto.o
 .debug_macro   0x000000000001603d       0x58 ./Core/Src/fsm_auto.o
 .debug_macro   0x0000000000016095       0x71 ./Core/Src/fsm_auto.o
 .debug_macro   0x0000000000016106       0x1c ./Core/Src/fsm_auto.o
 .debug_macro   0x0000000000016122      0x12a ./Core/Src/fsm_auto.o
 .debug_macro   0x000000000001624c      0x333 ./Core/Src/fsm_auto.o
 .debug_macro   0x000000000001657f       0x16 ./Core/Src/fsm_auto.o
 .debug_macro   0x0000000000016595       0x29 ./Core/Src/fsm_auto.o
 .debug_macro   0x00000000000165be       0x16 ./Core/Src/fsm_auto.o
 .debug_macro   0x00000000000165d4       0x20 ./Core/Src/fsm_auto.o
 .debug_macro   0x00000000000165f4       0x1c ./Core/Src/fsm_auto.o
 .debug_macro   0x0000000000016610       0x10 ./Core/Src/fsm_auto.o
 .debug_macro   0x0000000000016620       0x10 ./Core/Src/fsm_auto.o
 .debug_macro   0x0000000000016630       0x1c ./Core/Src/fsm_auto.o
 .debug_macro   0x000000000001664c       0x52 ./Core/Src/fsm_auto.o
 .debug_macro   0x000000000001669e       0x22 ./Core/Src/fsm_auto.o
 .debug_macro   0x00000000000166c0       0x10 ./Core/Src/fsm_auto.o
 .debug_macro   0x00000000000166d0       0x40 ./Core/Src/fsm_auto.o
 .debug_macro   0x0000000000016710       0xd5 ./Core/Src/fsm_auto.o
 .debug_macro   0x00000000000167e5       0x1c ./Core/Src/fsm_auto.o
 .debug_macro   0x0000000000016801       0x3d ./Core/Src/fsm_auto.o
 .debug_macro   0x000000000001683e       0x16 ./Core/Src/fsm_auto.o
 .debug_macro   0x0000000000016854      0x145 ./Core/Src/fsm_auto.o
 .debug_macro   0x0000000000016999       0x2e ./Core/Src/fsm_auto.o
 .debug_macro   0x00000000000169c7       0x10 ./Core/Src/fsm_auto.o
 .debug_macro   0x00000000000169d7       0x10 ./Core/Src/fsm_auto.o
 .debug_macro   0x00000000000169e7      0x3bc ./Core/Src/fsm_manual.o
 .debug_macro   0x0000000000016da3      0x3bc ./Core/Src/fsm_setting.o
 .debug_macro   0x000000000001715f      0x3c2 ./Core/Src/global.o
 .debug_macro   0x0000000000017521      0x1b7 ./Core/Src/i2c-lcd.o
 .debug_macro   0x00000000000176d8      0x3c0 ./Core/Src/main.o
 .debug_macro   0x0000000000017a98      0x3bc ./Core/Src/scheduler.o
 .debug_macro   0x0000000000017e54      0x1bc ./Core/Src/stm32f1xx_hal_msp.o